Component: ARM Compiler 5.06 update 6 (build 750) Tool: armlink [4d35ed]

==============================================================================

Section Cross References

    blazar_7seg.o(i.DigitOff) refers to blazar_7seg.o(i.GPIO_ClearPinsOutput) for GPIO_ClearPinsOutput
    blazar_7seg.o(i.DigitOn) refers to blazar_7seg.o(i.GPIO_SetPinsOutput) for GPIO_SetPinsOutput
    blazar_7seg.o(i.SEG_Deinit) refers to tasks.o(i.vTaskDelete) for vTaskDelete
    blazar_7seg.o(i.SEG_Deinit) refers to blazar_7seg.o(i.DigitOff) for DigitOff
    blazar_7seg.o(i.SEG_Deinit) refers to blazar_7seg.o(.data) for xHandleTaskSeg
    blazar_7seg.o(i.SEG_DisplayFloat) refers to blazar_7seg.o(i.SEG_SetDigit) for SEG_SetDigit
    blazar_7seg.o(i.SEG_DisplayFloat) refers to blazar_7seg.o(i.SEG_SetDP) for SEG_SetDP
    blazar_7seg.o(i.SEG_DisplayFloat) refers to dfixi.o(.text) for __aeabi_d2iz
    blazar_7seg.o(i.SEG_DisplayFloat) refers to dmul.o(.text) for __aeabi_dmul
    blazar_7seg.o(i.SEG_DisplayFloat) refers to blazar_7seg.o(i.SEG_DisplayInt) for SEG_DisplayInt
    blazar_7seg.o(i.SEG_DisplayFloat) refers to idiv.o(.text) for __aeabi_idivmod
    blazar_7seg.o(i.SEG_DisplayInt) refers to blazar_7seg.o(i.SEG_SetDigit) for SEG_SetDigit
    blazar_7seg.o(i.SEG_DisplayInt) refers to blazar_7seg.o(i.SEG_SetDP) for SEG_SetDP
    blazar_7seg.o(i.SEG_DisplayInt) refers to idiv.o(.text) for __aeabi_idivmod
    blazar_7seg.o(i.SEG_Init) refers to fsl_clock.o(i.CLOCK_GetFreq) for CLOCK_GetFreq
    blazar_7seg.o(i.SEG_Init) refers to blazar_7seg.o(i.__ARM_common_ll_muluu) for __ARM_common_ll_muluu
    blazar_7seg.o(i.SEG_Init) refers to uldiv.o(.text) for __aeabi_uldivmod
    blazar_7seg.o(i.SEG_Init) refers to tasks.o(i.xTaskCreate) for xTaskCreate
    blazar_7seg.o(i.SEG_Init) refers to blazar_7seg.o(i.DigitOff) for DigitOff
    blazar_7seg.o(i.SEG_Init) refers to blazar_7seg.o(.data) for xHandleTaskSeg
    blazar_7seg.o(i.SEG_Init) refers to blazar_7seg.o(i.vTaskSeg) for vTaskSeg
    blazar_7seg.o(i.SEG_SetDP) refers to blazar_7seg.o(.data) for DP_Position
    blazar_7seg.o(i.SEG_SetDigit) refers to blazar_7seg.o(.data) for Digits
    blazar_7seg.o(i.vTaskSeg) refers to event_groups.o(i.xEventGroupWaitBits) for xEventGroupWaitBits
    blazar_7seg.o(i.vTaskSeg) refers to blazar_7seg.o(i.DigitOff) for DigitOff
    blazar_7seg.o(i.vTaskSeg) refers to idiv.o(.text) for __aeabi_idivmod
    blazar_7seg.o(i.vTaskSeg) refers to blazar_7seg.o(i.GPIO_ClearPinsOutput) for GPIO_ClearPinsOutput
    blazar_7seg.o(i.vTaskSeg) refers to blazar_7seg.o(i.GPIO_SetPinsOutput) for GPIO_SetPinsOutput
    blazar_7seg.o(i.vTaskSeg) refers to blazar_7seg.o(i.DigitOn) for DigitOn
    blazar_7seg.o(i.vTaskSeg) refers to event_groups.o(i.xEventGroupClearBits) for xEventGroupClearBits
    blazar_7seg.o(i.vTaskSeg) refers to main.o(.data) for xEventGroupPIT
    blazar_7seg.o(i.vTaskSeg) refers to blazar_7seg.o(.data) for CurrentDigit
    blazar_7seg.o(i.vTaskSeg) refers to blazar_7seg.o(.constdata) for DIGIT_MAP
    blazar_accelerometer.o(i.ACCEL_Init) refers to fsl_i2c.o(i.I2C_MasterGetDefaultConfig) for I2C_MasterGetDefaultConfig
    blazar_accelerometer.o(i.ACCEL_Init) refers to fsl_clock.o(i.CLOCK_GetFreq) for CLOCK_GetFreq
    blazar_accelerometer.o(i.ACCEL_Init) refers to fsl_i2c_freertos.o(i.I2C_RTOS_Init) for I2C_RTOS_Init
    blazar_accelerometer.o(i.ACCEL_Init) refers to fsl_debug_console.o(i.DbgConsole_Printf) for DbgConsole_Printf
    blazar_accelerometer.o(i.ACCEL_Init) refers to blazar_accelerometer.o(.bss) for master_rtos_handle
    blazar_accelerometer.o(i.ACCEL_Read) refers to blazar_accelerometer.o(i.ACCEL_WriteRegister) for ACCEL_WriteRegister
    blazar_accelerometer.o(i.ACCEL_Read) refers to blazar_accelerometer.o(i.ACCEL_ReadRegister) for ACCEL_ReadRegister
    blazar_accelerometer.o(i.ACCEL_ReadRegister) refers to fsl_i2c_freertos.o(i.I2C_RTOS_Transfer) for I2C_RTOS_Transfer
    blazar_accelerometer.o(i.ACCEL_ReadRegister) refers to fsl_debug_console.o(i.DbgConsole_Printf) for DbgConsole_Printf
    blazar_accelerometer.o(i.ACCEL_ReadRegister) refers to blazar_accelerometer.o(.bss) for master_rtos_handle
    blazar_accelerometer.o(i.ACCEL_WriteRegister) refers to fsl_i2c_freertos.o(i.I2C_RTOS_Transfer) for I2C_RTOS_Transfer
    blazar_accelerometer.o(i.ACCEL_WriteRegister) refers to fsl_debug_console.o(i.DbgConsole_Printf) for DbgConsole_Printf
    blazar_accelerometer.o(i.ACCEL_WriteRegister) refers to blazar_accelerometer.o(.bss) for master_rtos_handle
    blazar_adc.o(i.ADC0_IRQHandler) refers to fsl_common.o(i.__aeabi_assert) for __aeabi_assert
    blazar_adc.o(i.ADC0_IRQHandler) refers to blazar_adc.o(.data) for g_Adc16ConversionDoneFlag
    blazar_adc.o(i.ADC_Init) refers to fsl_adc16.o(i.ADC16_GetDefaultConfig) for ADC16_GetDefaultConfig
    blazar_adc.o(i.ADC_Init) refers to fsl_adc16.o(i.ADC16_Init) for ADC16_Init
    blazar_adc.o(i.ADC_Init) refers to fsl_adc16.o(i.ADC16_DoAutoCalibration) for ADC16_DoAutoCalibration
[...]
    UART_GetDefaultConfig                    0x00005f35   Thumb Code    40  fsl_uart.o(i.UART_GetDefaultConfig)
    UART_GetInstance                         0x00005f79   Thumb Code    50  fsl_uart.o(i.UART_GetInstance)
    UART_GetStatusFlags                      0x00005fe1   Thumb Code    14  fsl_uart.o(i.UART_GetStatusFlags)
    UART_Init                                0x00005ff1   Thumb Code   274  fsl_uart.o(i.UART_Init)
    UART_ReadBlocking                        0x00006145   Thumb Code   120  fsl_uart.o(i.UART_ReadBlocking)
    UART_WriteBlocking                       0x000061dd   Thumb Code    32  fsl_uart.o(i.UART_WriteBlocking)
    __ARM_clz                                0x000069f3   Thumb Code    46  depilogue.o(i.__ARM_clz)
    __ARM_common_switch8                     0x00006a21   Thumb Code    28  system_mkl25z4.o(i.__ARM_common_switch8)
    __ARM_fpclassify                         0x00006a3d   Thumb Code    40  fpclassify.o(i.__ARM_fpclassify)
    __aeabi_assert                           0x00006a69   Thumb Code    24  fsl_common.o(i.__aeabi_assert)
    __aeabi_errno_addr                       0x00006aad   Thumb Code     4  errno.o(i.__aeabi_errno_addr)
    __rt_errno_addr                          0x00006aad   Thumb Code     0  errno.o(i.__aeabi_errno_addr)
    __kernel_poly                            0x00006ab5   Thumb Code   172  poly.o(i.__kernel_poly)
    __mathlib_dbl_divzero                    0x00006b61   Thumb Code    16  dunder.o(i.__mathlib_dbl_divzero)
    __mathlib_dbl_infnan2                    0x00006b75   Thumb Code     8  dunder.o(i.__mathlib_dbl_infnan2)
    __mathlib_dbl_invalid                    0x00006b7d   Thumb Code    16  dunder.o(i.__mathlib_dbl_invalid)
    __mathlib_dbl_overflow                   0x00006b8d   Thumb Code    16  dunder.o(i.__mathlib_dbl_overflow)
    __mathlib_dbl_underflow                  0x00006ba1   Thumb Code    14  dunder.o(i.__mathlib_dbl_underflow)
    __scatterload_copy                       0x00006bb5   Thumb Code    14  handlers.o(i.__scatterload_copy)
    __scatterload_null                       0x00006bc3   Thumb Code     2  handlers.o(i.__scatterload_null)
    __scatterload_zeroinit                   0x00006bc5   Thumb Code    14  handlers.o(i.__scatterload_zeroinit)
    __set_errno                              0x00006bd5   Thumb Code     6  errno.o(i.__set_errno)
    _gcontainerDestroy                       0x00006be1   Thumb Code    30  gfx_mk.o(i._gcontainerDestroy)
    _gcontainerInit                          0x00006bff   Thumb Code     2  gfx_mk.o(i._gcontainerInit)
    _gdispDeInitDriver                       0x00006c01   Thumb Code    32  gfx_mk.o(i._gdispDeInitDriver)
    _gdispInit                               0x00006c25   Thumb Code    72  gfx_mk.o(i._gdispInit)
    _gdispInitDriver                         0x00006c75   Thumb Code    64  gfx_mk.o(i._gdispInitDriver)
    _gdispPostInitDriver                     0x00006cb5   Thumb Code    60  gfx_mk.o(i._gdispPostInitDriver)
    _gdriverInit                             0x00006cf9   Thumb Code     2  gfx_mk.o(i._gdriverInit)
    _geventInit                              0x00006cfd   Thumb Code    10  gfx_mk.o(i._geventInit)
    _ginputInit                              0x00006d0d   Thumb Code     2  gfx_mk.o(i._ginputInit)
    _gosInit                                 0x00006d0f   Thumb Code     2  gfx_mk.o(i._gosInit)
    _gosPostInit                             0x00006d11   Thumb Code     2  gfx_mk.o(i._gosPostInit)
    _gqueueInit                              0x00006d13   Thumb Code     2  gfx_mk.o(i._gqueueInit)
    _gtimerInit                              0x00006d15   Thumb Code    26  gfx_mk.o(i._gtimerInit)
    _gwidgetDestroy                          0x00006d3d   Thumb Code    52  gfx_mk.o(i._gwidgetDestroy)
    _gwidgetDrawFocusRect                    0x00006d71   Thumb Code    90  gfx_mk.o(i._gwidgetDrawFocusRect)
    _gwidgetInit                             0x00006dd1   Thumb Code    40  gfx_mk.o(i._gwidgetInit)
    _gwidgetRedraw                           0x00006e01   Thumb Code    30  gfx_mk.o(i._gwidgetRedraw)
    _gwinDestroy                             0x00006e21   Thumb Code   112  gfx_mk.o(i._gwinDestroy)
    _gwinFixFocus                            0x00006e95   Thumb Code   120  gfx_mk.o(i._gwinFixFocus)
    _gwinFlushRedraws                        0x00006f15   Thumb Code   406  gfx_mk.o(i._gwinFlushRedraws)
    _gwinInit                                0x000070bd   Thumb Code    16  gfx_mk.o(i._gwinInit)
    _gwinMoveFocus                           0x000070cd   Thumb Code    60  gfx_mk.o(i._gwinMoveFocus)
    _gwinRippleVisibility                    0x0000710d   Thumb Code   208  gfx_mk.o(i._gwinRippleVisibility)
    _gwinUpdate                              0x000071e1   Thumb Code    50  gfx_mk.o(i._gwinUpdate)
    _gwmInit                                 0x0000721d   Thumb Code    58  gfx_mk.o(i._gwmInit)
    do_accel                                 0x000072c9   Thumb Code    46  cmd_accel.o(i.do_accel)
    do_adc                                   0x00007325   Thumb Code   214  cmd_adc.o(i.do_adc)
    do_buzzer                                0x00007481   Thumb Code   134  cmd_buzzer.o(i.do_buzzer)
    do_hello                                 0x0000758d   Thumb Code    40  cmd_hello.o(i.do_hello)
    do_homework                              0x000075c5   Thumb Code   550  cmd_homework.o(i.do_homework)
    do_led                                   0x00007931   Thumb Code   170  cmd_led.o(i.do_led)
    do_reset                                 0x00007a51   Thumb Code    48  cmd_reset.o(i.do_reset)
    do_seg                                   0x00007a89   Thumb Code   222  cmd_seg.o(i.do_seg)
    do_switch                                0x00007c25   Thumb Code    68  cmd_switch.o(i.do_switch)
    gdispBlendColor                          0x00007e55   Thumb Code   144  gfx_mk.o(i.gdispBlendColor)
    gdispContrastColor                       0x00007ee5   Thumb Code    84  gfx_mk.o(i.gdispContrastColor)
    gdispGClear                              0x00007f39   Thumb Code    86  gfx_mk.o(i.gdispGClear)
    gdispGDrawBox                            0x00007f8f   Thumb Code   184  gfx_mk.o(i.gdispGDrawBox)
    gdispGDrawLine                           0x00008047   Thumb Code    56  gfx_mk.o(i.gdispGDrawLine)
    gdispGFillArea                           0x0000807f   Thumb Code   188  gfx_mk.o(i.gdispGFillArea)
    gdispGFillConvexPoly                     0x0000813b   Thumb Code   674  gfx_mk.o(i.gdispGFillConvexPoly)
    gdispGFillStringBox                      0x000083dd   Thumb Code   406  gfx_mk.o(i.gdispGFillStringBox)
    gdispGGetHeight                          0x00008579   Thumb Code     8  gfx_mk.o(i.gdispGGetHeight)
    gdispGGetWidth                           0x00008581   Thumb Code     8  gfx_mk.o(i.gdispGGetWidth)
    gdispGSetClip                            0x00008589   Thumb Code   146  gfx_mk.o(i.gdispGSetClip)
    gdispGetFontMetric                       0x0000861b   Thumb Code    68  gfx_mk.o(i.gdispGetFontMetric)
    gdispGetStringWidthCount                 0x0000865f   Thumb Code    34  gfx_mk.o(i.gdispGetStringWidthCount)
    gdisp_lld_init                           0x00008681   Thumb Code   902  gdisp_lld_ili9341.o(i.gdisp_lld_init)
    gdisp_lld_write_color                    0x00008a0d   Thumb Code    26  gdisp_lld_ili9341.o(i.gdisp_lld_write_color)
    gdisp_lld_write_start                    0x00008a27   Thumb Code    24  gdisp_lld_ili9341.o(i.gdisp_lld_write_start)
    gdisp_lld_write_stop                     0x00008a3f   Thumb Code     6  gdisp_lld_ili9341.o(i.gdisp_lld_write_stop)
    gdriverGetInstance                       0x00008a45   Thumb Code    42  gfx_mk.o(i.gdriverGetInstance)
    gdriverGetNext                           0x00008a75   Thumb Code    36  gfx_mk.o(i.gdriverGetNext)
    gdriverRegister                          0x00008a9d   Thumb Code   144  gfx_mk.o(i.gdriverRegister)
    geventAttachSource                       0x00008b35   Thumb Code   136  gfx_mk.o(i.geventAttachSource)
    geventDetachSourceListeners              0x00008bc9   Thumb Code    42  gfx_mk.o(i.geventDetachSourceListeners)
    geventListenerInit                       0x00008bf9   Thumb Code    24  gfx_mk.o(i.geventListenerInit)
    geventRegisterCallback                   0x00008c15   Thumb Code    64  gfx_mk.o(i.geventRegisterCallback)
    gfxInit                                  0x00008c59   Thumb Code    60  gfx_mk.o(i.gfxInit)
    gfxMutexInit                             0x00008c99   Thumb Code    14  gfx_mk.o(i.gfxMutexInit)
    gfxQueueASyncGet                         0x00008ca7   Thumb Code    32  gfx_mk.o(i.gfxQueueASyncGet)
    gfxQueueASyncGetI                        0x00008cc7   Thumb Code    18  gfx_mk.o(i.gfxQueueASyncGetI)
    gfxQueueASyncInit                        0x00008cd9   Thumb Code     8  gfx_mk.o(i.gfxQueueASyncInit)
    gfxQueueASyncPut                         0x00008ce1   Thumb Code    24  gfx_mk.o(i.gfxQueueASyncPut)
    gfxQueueASyncPutI                        0x00008cf9   Thumb Code    32  gfx_mk.o(i.gfxQueueASyncPutI)
    gfxQueueASyncRemove                      0x00008d19   Thumb Code    24  gfx_mk.o(i.gfxQueueASyncRemove)
    gfxQueueASyncRemoveI                     0x00008d31   Thumb Code    70  gfx_mk.o(i.gfxQueueASyncRemoveI)
    gfxRealloc                               0x00008d77   Thumb Code    54  gfx_mk.o(i.gfxRealloc)
    gfxSemInit                               0x00008dad   Thumb Code    26  gfx_mk.o(i.gfxSemInit)
    gfxSemSignal                             0x00008dc7   Thumb Code    22  gfx_mk.o(i.gfxSemSignal)
    gfxSemWait                               0x00008ddd   Thumb Code    30  gfx_mk.o(i.gfxSemWait)
    gfxSleepMilliseconds                     0x00008dfb   Thumb Code    12  gfx_mk.o(i.gfxSleepMilliseconds)
    gfxThreadCreate                          0x00008e09   Thumb Code    52  gfx_mk.o(i.gfxThreadCreate)
    ginputGetKeyboard                        0x00008e49   Thumb Code    16  gfx_mk.o(i.ginputGetKeyboard)
    gtimerInit                               0x00008e5d   Thumb Code     6  gfx_mk.o(i.gtimerInit)
    gtimerJab                                0x00008e65   Thumb Code    48  gfx_mk.o(i.gtimerJab)
    gtimerStart                              0x00008e9d   Thumb Code   232  gfx_mk.o(i.gtimerStart)
    gwinDestroy                              0x00008fed   Thumb Code    14  gfx_mk.o(i.gwinDestroy)
    gwinFrameDraw_Std                        0x00008ffd   Thumb Code    78  gfx_mk.o(i.gwinFrameDraw_Std)
    gwinFrameDraw_Transparent                0x00009051   Thumb Code   570  gfx_mk.o(i.gwinFrameDraw_Transparent)
    gwinGetDefaultBgColor                    0x00009295   Thumb Code     6  gfx_mk.o(i.gwinGetDefaultBgColor)
    gwinGetFirstChild                        0x000092a1   Thumb Code    40  gfx_mk.o(i.gwinGetFirstChild)
    gwinGetFocus                             0x000092c9   Thumb Code     6  gfx_mk.o(i.gwinGetFocus)
    gwinGetNextWindow                        0x000092d5   Thumb Code    16  gfx_mk.o(i.gwinGetNextWindow)
    gwinGetSibling                           0x000092e9   Thumb Code    42  gfx_mk.o(i.gwinGetSibling)
    gwinKeyboardDraw_Normal                  0x00009315   Thumb Code  4466  gfx_mk.o(i.gwinKeyboardDraw_Normal)
    gwinLabelDrawJustified                   0x0000a489   Thumb Code   154  gfx_mk.o(i.gwinLabelDrawJustified)
    gwinLabelDrawJustifiedLeft               0x0000a529   Thumb Code    16  gfx_mk.o(i.gwinLabelDrawJustifiedLeft)
    gwinListDefaultDraw                      0x0000a539   Thumb Code   772  gfx_mk.o(i.gwinListDefaultDraw)
    gwinSetFocus                             0x0000a849   Thumb Code    76  gfx_mk.o(i.gwinSetFocus)
    gwinSetVisible                           0x0000a89d   Thumb Code    52  gfx_mk.o(i.gwinSetVisible)
    gwinTextEditSendKey                      0x0000a8d9   Thumb Code   182  gfx_mk.o(i.gwinTextEditSendKey)
    gwinTextEditSendSpecialKey               0x0000a995   Thumb Code   130  gfx_mk.o(i.gwinTextEditSendSpecialKey)
    gwinTexteditDefaultDraw                  0x0000aa1d   Thumb Code   324  gfx_mk.o(i.gwinTexteditDefaultDraw)
    main                                     0x0000ad39   Thumb Code   140  main.o(i.main)
    mf_character_width                       0x0000ae21   Thumb Code    34  gfx_mk.o(i.mf_character_width)
    mf_get_string_width                      0x0000ae45   Thumb Code   104  gfx_mk.o(i.mf_get_string_width)
    mf_getchar                               0x0000aeb1   Thumb Code    22  gfx_mk.o(i.mf_getchar)
    mf_render_aligned                        0x0000aec7   Thumb Code   130  gfx_mk.o(i.mf_render_aligned)
    mf_render_character                      0x0000af49   Thumb Code    56  gfx_mk.o(i.mf_render_character)
    mf_rewind                                0x0000af81   Thumb Code     8  gfx_mk.o(i.mf_rewind)
    mf_rlefont_character_width               0x0000af89   Thumb Code    26  gfx_mk.o(i.mf_rlefont_character_width)
    mf_rlefont_render_character              0x0000afa3   Thumb Code   102  gfx_mk.o(i.mf_rlefont_render_character)
    mf_scaled_character_width                0x0000b081   Thumb Code    28  gfx_mk.o(i.mf_scaled_character_width)
    mf_scaled_render_character               0x0000b09d   Thumb Code    78  gfx_mk.o(i.mf_scaled_render_character)
    modf                                     0x0000b0f1   Thumb Code   136  modf.o(i.modf)
    pow                                      0x0000b181   Thumb Code  2548  pow.o(i.pow)
    prvSetupTimerInterrupt                   0x0000c389   Thumb Code    30  fsl_tickless_lptmr.o(i.prvSetupTimerInterrupt)
    pvPortMalloc                             0x0000c531   Thumb Code   274  heap_4.o(i.pvPortMalloc)
    pvTaskIncrementMutexHeldCount            0x0000c659   Thumb Code    28  tasks.o(i.pvTaskIncrementMutexHeldCount)
    pxPortInitialiseStack                    0x0000c679   Thumb Code    26  port.o(i.pxPortInitialiseStack)
    sqrt                                     0x0000c8dd   Thumb Code    66  sqrt.o(i.sqrt)
    uxListRemove                             0x0000c999   Thumb Code    40  list.o(i.uxListRemove)
    uxTaskResetEventItemValue                0x0000c9c1   Thumb Code    24  tasks.o(i.uxTaskResetEventItemValue)
    vApplicationIdleHook                     0x0000c9dd   Thumb Code    12  main.o(i.vApplicationIdleHook)
    vApplicationMallocFailedHook             0x0000c9e9   Thumb Code     4  main.o(i.vApplicationMallocFailedHook)
    vApplicationStackOverflowHook            0x0000c9ed   Thumb Code     4  main.o(i.vApplicationStackOverflowHook)
    vApplicationTickHook                     0x0000c9f1   Thumb Code     2  main.o(i.vApplicationTickHook)
    vEventGroupDelete                        0x0000c9f3   Thumb Code    68  event_groups.o(i.vEventGroupDelete)
    vEventGroupSetBitsCallback               0x0000ca37   Thumb Code    16  event_groups.o(i.vEventGroupSetBitsCallback)
    vListInitialise                          0x0000ca47   Thumb Code    26  list.o(i.vListInitialise)
    vListInitialiseItem                      0x0000ca61   Thumb Code     6  list.o(i.vListInitialiseItem)
    vListInsert                              0x0000ca67   Thumb Code    54  list.o(i.vListInsert)
    vListInsertEnd                           0x0000ca9d   Thumb Code    24  list.o(i.vListInsertEnd)
    vPortEnterCritical                       0x0000cab5   Thumb Code    22  port.o(i.vPortEnterCritical)
    vPortExitCritical                        0x0000cad1   Thumb Code    36  port.o(i.vPortExitCritical)
    vPortFree                                0x0000caf9   Thumb Code   120  heap_4.o(i.vPortFree)
    vPortYield                               0x0000cb79   Thumb Code    18  port.o(i.vPortYield)
    vQueueAddToRegistry                      0x0000cb91   Thumb Code    40  queue.o(i.vQueueAddToRegistry)
    vQueueDelete                             0x0000cbbd   Thumb Code    30  queue.o(i.vQueueDelete)
    vQueueUnregisterQueue                    0x0000cbdd   Thumb Code    46  queue.o(i.vQueueUnregisterQueue)
    vQueueWaitForMessageRestricted           0x0000cc11   Thumb Code    76  queue.o(i.vQueueWaitForMessageRestricted)
    vTaskDelay                               0x0000ccbd   Thumb Code    62  tasks.o(i.vTaskDelay)
    vTaskDelete                              0x0000cd01   Thumb Code   150  tasks.o(i.vTaskDelete)
    vTaskMissedYield                         0x0000cf79   Thumb Code     8  tasks.o(i.vTaskMissedYield)
    vTaskPlaceOnEventList                    0x0000cf85   Thumb Code    38  tasks.o(i.vTaskPlaceOnEventList)
    vTaskPlaceOnEventListRestricted          0x0000cfb1   Thumb Code    48  tasks.o(i.vTaskPlaceOnEventListRestricted)
    vTaskPlaceOnUnorderedEventList           0x0000cfe5   Thumb Code    76  tasks.o(i.vTaskPlaceOnUnorderedEventList)
    vTaskPriorityInherit                     0x0000d039   Thumb Code   128  tasks.o(i.vTaskPriorityInherit)
    vTaskSetTimeOutState                     0x0000d199   Thumb Code    24  tasks.o(i.vTaskSetTimeOutState)
    vTaskStartScheduler                      0x0000d24d   Thumb Code    90  tasks.o(i.vTaskStartScheduler)
    vTaskSuspendAll                          0x0000d2c5   Thumb Code    12  tasks.o(i.vTaskSuspendAll)
    vTaskSwitchContext                       0x0000d2d5   Thumb Code   156  tasks.o(i.vTaskSwitchContext)
    xEventGroupClearBits                     0x0000d71f   Thumb Code    62  event_groups.o(i.xEventGroupClearBits)
    xEventGroupCreate                        0x0000d75d   Thumb Code    28  event_groups.o(i.xEventGroupCreate)
    xEventGroupSetBits                       0x0000d779   Thumb Code   200  event_groups.o(i.xEventGroupSetBits)
    xEventGroupSetBitsFromISR                0x0000d841   Thumb Code    26  event_groups.o(i.xEventGroupSetBitsFromISR)
    xEventGroupWaitBits                      0x0000d861   Thumb Code   288  event_groups.o(i.xEventGroupWaitBits)
    xPortGetFreeHeapSize                     0x0000d981   Thumb Code     6  heap_4.o(i.xPortGetFreeHeapSize)
    xPortStartScheduler                      0x0000d98d   Thumb Code    48  port.o(i.xPortStartScheduler)
    xQueueCreateCountingSemaphore            0x0000d9c5   Thumb Code    68  queue.o(i.xQueueCreateCountingSemaphore)
    xQueueCreateMutex                        0x0000da09   Thumb Code    30  queue.o(i.xQueueCreateMutex)
    xQueueGenericCreate                      0x0000da27   Thumb Code    80  queue.o(i.xQueueGenericCreate)
    xQueueGenericReceive                     0x0000da77   Thumb Code   396  queue.o(i.xQueueGenericReceive)
    xQueueGenericReset                       0x0000dc03   Thumb Code   130  queue.o(i.xQueueGenericReset)
    xQueueGenericSend                        0x0000dc85   Thumb Code   346  queue.o(i.xQueueGenericSend)
    xQueueGenericSendFromISR                 0x0000dddf   Thumb Code   188  queue.o(i.xQueueGenericSendFromISR)
    xQueueGiveFromISR                        0x0000de9b   Thumb Code   170  queue.o(i.xQueueGiveFromISR)
    xTaskCheckForTimeOut                     0x0000df45   Thumb Code   106  tasks.o(i.xTaskCheckForTimeOut)
    xTaskCreate                              0x0000dfb9   Thumb Code    92  tasks.o(i.xTaskCreate)
    xTaskGetSchedulerState                   0x0000e015   Thumb Code    28  tasks.o(i.xTaskGetSchedulerState)
    xTaskGetTickCount                        0x0000e039   Thumb Code     6  tasks.o(i.xTaskGetTickCount)
    xTaskIncrementTick                       0x0000e045   Thumb Code   262  tasks.o(i.xTaskIncrementTick)
    xTaskPriorityDisinherit                  0x0000e179   Thumb Code   124  tasks.o(i.xTaskPriorityDisinherit)
    xTaskRemoveFromEventList                 0x0000e201   Thumb Code   112  tasks.o(i.xTaskRemoveFromEventList)
    xTaskRemoveFromUnorderedEventList        0x0000e289   Thumb Code   122  tasks.o(i.xTaskRemoveFromUnorderedEventList)
    xTaskResumeAll                           0x0000e319   Thumb Code   206  tasks.o(i.xTaskResumeAll)
    xTimerCreateTimerTask                    0x0000e409   Thumb Code    52  timers.o(i.xTimerCreateTimerTask)
    xTimerGenericCommand                     0x0000e451   Thumb Code   110  timers.o(i.xTimerGenericCommand)
    xTimerPendFunctionCallFromISR            0x0000e4c5   Thumb Code    46  timers.o(i.xTimerPendFunctionCallFromISR)
    SONG_DATA                                0x0000e4f8   Data         600  blazar_buzzer.o(.constdata)
    asc2_1206                                0x0000e750   Data        1140  blazar_lcd.o(.constdata)
    asc2_1608                                0x0000ebc4   Data        1520  blazar_lcd.o(.constdata)
    LED_DATA                                 0x0000f1b6   Data        1560  blazar_led.o(.constdata)
    mcgConfig_BOARD_BootClockRUN             0x0000f7d0   Data          10  clock_config.o(.constdata)
    simConfig_BOARD_BootClockRUN             0x0000f7dc   Data           8  clock_config.o(.constdata)
    oscConfig_BOARD_BootClockRUN             0x0000f7e4   Data           8  clock_config.o(.constdata)
    mcgConfig_BOARD_BootClockVLPR            0x0000f7ec   Data          10  clock_config.o(.constdata)
    simConfig_BOARD_BootClockVLPR            0x0000f7f8   Data           8  clock_config.o(.constdata)
    oscConfig_BOARD_BootClockVLPR            0x0000f800   Data           8  clock_config.o(.constdata)
    mf_rlefont_UI2                           0x0000ffe0   Data          48  gfx_mk.o(.constdata)
    mf_rlefont_UI2_Narrow                    0x00010010   Data          36  gfx_mk.o(.constdata)
    mf_rlefont_UI2_Double                    0x00010034   Data          36  gfx_mk.o(.constdata)
    WhiteWidgetStyle                         0x00010084   Data          28  gfx_mk.o(.constdata)
    BlackWidgetStyle                         0x000100a0   Data          28  gfx_mk.o(.constdata)
    GNullWindowManager                       0x000100e0   Data           4  gfx_mk.o(.constdata)
    VirtualKeyboard_English1                 0x0001020c   Data           8  gfx_mk.o(.constdata)
    GDISPVMT_OnlyOne                         0x000102c8   Data          96  gdisp_lld_ili9341.o(.constdata)
    __mathlib_zero                           0x000103b0   Data           8  qnan.o(.constdata)
    __ctype_table                            0x000103b8   Data         129  ctype_o.o(.constdata)
    Region$$Table$$Base                      0x000107b4   Number         0  anon$$obj.o(Region$$Table)
    Region$$Table$$Limit                     0x000107d4   Number         0  anon$$obj.o(Region$$Table)
    Image$$RW_m_data$$Base                   0x1ffff000   Number         0  anon$$obj.o ABSOLUTE
    g_Adc16ConversionDoneFlag                0x1ffff00c   Data           1  blazar_adc.o(.data)
    g_Adc16ConversionValue                   0x1ffff010   Data           4  blazar_adc.o(.data)
    SystemCoreClock                          0x1ffff07c   Data           4  system_mkl25z4.o(.data)
    g_xtal0Freq                              0x1ffff088   Data           4  fsl_clock.o(.data)
    g_xtal32Freq                             0x1ffff08c   Data           4  fsl_clock.o(.data)
    pxCurrentTCB                             0x1ffff0c8   Data           4  tasks.o(.data)
    xEventGroupPIT                           0x1ffff118   Data           4  main.o(.data)
    GDISP                                    0x1ffff140   Data           4  gfx_mk.o(.data)
    _GWINwm                                  0x1ffff178   Data           4  gfx_mk.o(.data)
    _gwinFlashState                          0x1ffff17c   Data           1  gfx_mk.o(.data)
    xQueueRegistry                           0x20002258   Data          64  queue.o(.bss)
    Image$$ARM_LIB_STACK$$ZI$$Limit          0x20003000   Number         0  anon$$obj.o ABSOLUTE



==============================================================================

Memory Map of the image

  Image Entry point : 0x00000411

  Load Region LR_m_text (Base: 0x00000000, Size: 0x000109d8, Max: 0x00020000, ABSOLUTE, COMPRESSED[0x00010848])

    Execution Region VECTOR_ROM (Exec base: 0x00000000, Load base: 0x00000000, Size: 0x000000c0, Max: 0x00000200, ABSOLUTE)

    Exec Addr    Load Addr    Size         Type   Attr      Idx    E Section Name        Object

    0x00000000   0x00000000   0x000000c0   Data   RO         4304    RESET               startup_mkl25z4.o


    Execution Region VECTOR_RAM (Exec base: 0x00000000, Load base: 0x000107d4, Size: 0x00000000, Max: 0x00000000, ABSOLUTE)

    Exec Addr    Load Addr    Size         Type   Attr      Idx    E Section Name        Object

    0x00000000        -       0x00000000   Zero   RW            1    VECTOR_RAM.bss      anon$$obj.o


    Execution Region ER_m_flash_config (Exec base: 0x00000400, Load base: 0x00000400, Size: 0x00000010, Max: 0x00000010, ABSOLUTE, FIXED)

    Exec Addr    Load Addr    Size         Type   Attr      Idx    E Section Name        Object

    0x00000400   0x00000400   0x00000010   Data   RO         4305    FlashConfig         startup_mkl25z4.o


    Execution Region ER_m_text (Exec base: 0x00000410, Load base: 0x00000410, Size: 0x000103c4, Max: 0x0001fbf0, ABSOLUTE)

    Exec Addr    Load Addr    Size         Type   Attr      Idx    E Section Name        Object

    0x00000410   0x00000410   0x00000000   Code   RO         7303  * .ARM.Collect$$$$00000000  mc_p.l(entry.o)
    0x00000410   0x00000410   0x00000004   Code   RO         7386    .ARM.Collect$$$$00000003  mc_p.l(entry4.o)
    0x00000414   0x00000414   0x00000004   Code   RO         7389    .ARM.Collect$$$$00000004  mc_p.l(entry5.o)
    0x00000418   0x00000418   0x00000000   Code   RO         7391    .ARM.Collect$$$$00000008  mc_p.l(entry7b.o)
    0x00000418   0x00000418   0x00000000   Code   RO         7393    .ARM.Collect$$$$0000000A  mc_p.l(entry8b.o)
    0x00000418   0x00000418   0x00000008   Code   RO         7394    .ARM.Collect$$$$0000000B  mc_p.l(entry9a.o)
    0x00000420   0x00000420   0x00000000   Code   RO         7396    .ARM.Collect$$$$0000000D  mc_p.l(entry10a.o)
    0x00000420   0x00000420   0x00000000   Code   RO         7398    .ARM.Collect$$$$0000000F  mc_p.l(entry11a.o)
    0x00000420   0x00000420   0x00000004   Code   RO         7387    .ARM.Collect$$$$00002714  mc_p.l(entry4.o)
    0x00000424   0x00000424   0x00000078   Code   RO         3261    .emb_text           port.o
    0x0000049c   0x0000049c   0x00000094   Code   RO         4306    .text               startup_mkl25z4.o
    0x00000530   0x00000530   0x0000002c   Code   RO         7306    .text               mc_p.l(uidiv.o)
    0x0000055c   0x0000055c   0x00000028   Code   RO         7308    .text               mc_p.l(idiv.o)
    0x00000584   0x00000584   0x00000060   Code   RO         7310    .text               mc_p.l(uldiv.o)
    0x000005e4   0x000005e4   0x0000004c   Code   RO         7312    .text               mc_p.l(ldiv.o)
    0x00000630   0x00000630   0x0000007a   Code   RO         7314    .text               mc_p.l(llmul.o)
    0x000006aa   0x000006aa   0x00000002   PAD
    0x000006ac   0x000006ac   0x00000024   Code   RO         7316    .text               mc_p.l(rand.o)
    0x000006d0   0x000006d0   0x00000040   Code   RO         7321    .text               mc_p.l(memmovea.o)
    0x00000710   0x00000710   0x00000024   Code   RO         7323    .text               mc_p.l(memseta.o)
    0x00000734   0x00000734   0x0000000e   Code   RO         7325    .text               mc_p.l(strlen.o)
    0x00000742   0x00000742   0x0000001c   Code   RO         7327    .text               mc_p.l(strcmp.o)
    0x0000075e   0x0000075e   0x0000001a   Code   RO         7335    .text               mc_p.l(atoi.o)
    0x00000778   0x00000778   0x00000164   Code   RO         7337    .text               mf_p.l(dadd.o)
    0x000008dc   0x000008dc   0x000000d0   Code   RO         7339    .text               mf_p.l(dmul.o)
    0x000009ac   0x000009ac   0x000000f0   Code   RO         7341    .text               mf_p.l(ddiv.o)
    0x00000a9c   0x00000a9c   0x00000028   Code   RO         7343    .text               mf_p.l(dflti.o)
    0x00000ac4   0x00000ac4   0x0000001c   Code   RO         7345    .text               mf_p.l(dfltui.o)
    0x00000ae0   0x00000ae0   0x0000002c   Code   RO         7347    .text               mf_p.l(dfltl.o)
    0x00000b0c   0x00000b0c   0x00000048   Code   RO         7349    .text               mf_p.l(dfixi.o)
    0x00000b54   0x00000b54   0x00000050   Code   RO         7351    .text               mf_p.l(dfixl.o)
    0x00000ba4   0x00000ba4   0x00000028   Code   RO         7353    .text               mf_p.l(cdcmple.o)
    0x00000bcc   0x00000bcc   0x00000028   Code   RO         7355    .text               mf_p.l(cdrcmple.o)
    0x00000bf4   0x00000bf4   0x00000020   Code   RO         7400    .text               mc_p.l(llshl.o)
    0x00000c14   0x00000c14   0x00000022   Code   RO         7402    .text               mc_p.l(llushr.o)
    0x00000c36   0x00000c36   0x00000026   Code   RO         7404    .text               mc_p.l(llsshr.o)
    0x00000c5c   0x00000c5c   0x00000070   Code   RO         7415    .text               mc_p.l(strtol.o)
    0x00000ccc   0x00000ccc   0x00000000   Code   RO         7417    .text               mc_p.l(iusefp.o)
    0x00000ccc   0x00000ccc   0x000000be   Code   RO         7420    .text               mf_p.l(depilogue.o)
    0x00000d8a   0x00000d8a   0x0000002c   Code   RO         7424    .text               mf_p.l(dscalb.o)
    0x00000db6   0x00000db6   0x00000002   PAD
    0x00000db8   0x00000db8   0x00000024   Code   RO         7426    .text               mc_p.l(init.o)
    0x00000ddc   0x00000ddc   0x00000008   Code   RO         7430    .text               mc_p.l(ctype_o.o)
    0x00000de4   0x00000de4   0x000000a6   Code   RO         7464    .text               mc_p.l(_strtoul.o)
    0x00000e8a   0x00000e8a   0x000000a2   Code   RO         7466    .text               mf_p.l(dsqrt.o)
    0x00000f2c   0x00000f2c   0x0000001e   Code   RO         7471    .text               mc_p.l(_chval.o)
    0x00000f4a   0x00000f4a   0x00000056   Code   RO         7483    .text               mc_p.l(__dczerorl2.o)
    0x00000fa0   0x00000fa0   0x00000060   Code   RO          180    i.ACCEL_Init        blazar_accelerometer.o
    0x00001000   0x00001000   0x00000044   Code   RO          181    i.ACCEL_Read        blazar_accelerometer.o
    0x00001044   0x00001044   0x00000070   Code   RO          182    i.ACCEL_ReadRegister  blazar_accelerometer.o
    0x000010b4   0x000010b4   0x00000070   Code   RO          183    i.ACCEL_WriteRegister  blazar_accelerometer.o
    0x00001124   0x00001124   0x00000068   Code   RO          238    i.ADC0_IRQHandler   blazar_adc.o
    0x0000118c   0x0000118c   0x000000c4   Code   RO         2286    i.ADC16_DoAutoCalibration  fsl_adc16.o
    0x00001250   0x00001250   0x00000064   Code   RO         2287    i.ADC16_GetChannelStatusFlags  fsl_adc16.o
    0x000012b4   0x000012b4   0x0000005c   Code   RO         2288    i.ADC16_GetDefaultConfig  fsl_adc16.o
    0x00001310   0x00001310   0x0000006c   Code   RO         2289    i.ADC16_GetInstance  fsl_adc16.o
    0x0000137c   0x0000137c   0x00000022   Code   RO         2290    i.ADC16_GetStatusFlags  fsl_adc16.o
    0x0000139e   0x0000139e   0x00000002   PAD
    0x000013a0   0x000013a0   0x000000e4   Code   RO         2291    i.ADC16_Init        fsl_adc16.o
    0x00001484   0x00001484   0x00000090   Code   RO         2292    i.ADC16_SetChannelConfig  fsl_adc16.o
    0x00001514   0x00001514   0x000000bc   Code   RO          239    i.ADC_Init          blazar_adc.o
    0x000015d0   0x000015d0   0x0000003c   Code   RO          240    i.ADC_Read          blazar_adc.o
    0x0000160c   0x0000160c   0x000000e0   Code   RO         4427    i.AutoComplete      fsl_shell.o
    0x000016ec   0x000016ec   0x0000008c   Code   RO          825    i.BOARD_BootClockRUN  clock_config.o
    0x00001778   0x00001778   0x00000040   Code   RO          794    i.BOARD_InitDebugConsole  board.o
    0x000017b8   0x000017b8   0x00000584   Code   RO          884    i.BOARD_InitPins    pin_mux.o
    0x00001d3c   0x00001d3c   0x00000048   Code   RO          301    i.BUZZER_Deinit     blazar_buzzer.o
    0x00001d84   0x00001d84   0x00000064   Code   RO          302    i.BUZZER_Init       blazar_buzzer.o
    0x00001de8   0x00001de8   0x00000050   Code   RO          303    i.BUZZER_Play       blazar_buzzer.o
    0x00001e38   0x00001e38   0x00000030   Code   RO          304    i.BUZZER_Set        blazar_buzzer.o
    0x00001e68   0x00001e68   0x00000014   Code   RO          998    i.CLOCK_BootToFeiMode  fsl_clock.o
    0x00001e7c   0x00001e7c   0x00000014   Code   RO          828    i.CLOCK_CONFIG_FllStableDelay  clock_config.o
    0x00001e90   0x00001e90   0x0000004c   Code   RO          829    i.CLOCK_CONFIG_SetRtcClock  clock_config.o
    0x00001edc   0x00001edc   0x00000018   Code   RO          885    i.CLOCK_EnableClock  pin_mux.o
    0x00001ef4   0x00001ef4   0x00000018   Code   RO         2412    i.CLOCK_EnableClock  fsl_i2c.o
    0x00001f0c   0x00001f0c   0x00000088   Code   RO         1009    i.CLOCK_GetEr32kClkFreq  fsl_clock.o
    0x00001f94   0x00001f94   0x0000001e   Code   RO         1010    i.CLOCK_GetFixedFreqClkFreq  fsl_clock.o
    0x00001fb2   0x00001fb2   0x00000002   PAD
    0x00001fb4   0x00001fb4   0x00000074   Code   RO         1012    i.CLOCK_GetFllExtRefClkFreq  fsl_clock.o
    0x00002028   0x00002028   0x00000058   Code   RO         1013    i.CLOCK_GetFllFreq  fsl_clock.o
    0x00002080   0x00002080   0x00000024   Code   RO         1014    i.CLOCK_GetFllRefClkFreq  fsl_clock.o
    0x000020a4   0x000020a4   0x000000b0   Code   RO         1015    i.CLOCK_GetFreq     fsl_clock.o
    0x00002154   0x00002154   0x0000001c   Code   RO         1016    i.CLOCK_GetInternalRefClkFreq  fsl_clock.o
    0x00002170   0x00002170   0x00000030   Code   RO         1017    i.CLOCK_GetInternalRefClkSelectFreq  fsl_clock.o
    0x000021a0   0x000021a0   0x00000040   Code   RO         1018    i.CLOCK_GetMcgExtClkFreq  fsl_clock.o
    0x000021e0   0x000021e0   0x00000058   Code   RO         1020    i.CLOCK_GetOsc0ErClkFreq  fsl_clock.o
    0x00002238   0x00002238   0x00000040   Code   RO         1022    i.CLOCK_GetOutClkFreq  fsl_clock.o
    0x00002278   0x00002278   0x00000070   Code   RO         1024    i.CLOCK_GetPll0Freq  fsl_clock.o
    0x000022e8   0x000022e8   0x00000008   Code   RO         1025    i.CLOCK_GetPll0RefFreq  fsl_clock.o
    0x000022f0   0x000022f0   0x00000038   Code   RO         1026    i.CLOCK_GetPllFllSelClkFreq  fsl_clock.o
    0x00002328   0x00002328   0x0000008c   Code   RO         1036    i.CLOCK_SetFeiMode  fsl_clock.o
    0x000023b4   0x000023b4   0x000000ac   Code   RO         1037    i.CLOCK_SetInternalRefClkConfig  fsl_clock.o
    0x00002460   0x00002460   0x00000050   Code   RO         1043    i.CLOCK_SetSimConfig  fsl_clock.o
    0x000024b0   0x000024b0   0x00000010   Code   RO         2747    i.DMA0_DriverIRQHandler  fsl_dma.o
    0x000024c0   0x000024c0   0x00000010   Code   RO         2748    i.DMA1_DriverIRQHandler  fsl_dma.o
    0x000024d0   0x000024d0   0x00000010   Code   RO         2749    i.DMA2_DriverIRQHandler  fsl_dma.o
    0x000024e0   0x000024e0   0x00000010   Code   RO         2750    i.DMA3_DriverIRQHandler  fsl_dma.o
    0x000024f0   0x000024f0   0x0000008c   Code   RO         2755    i.DMA_HandleIRQ     fsl_dma.o
    0x0000257c   0x0000257c   0x0000009c   Code   RO         2758    i.DMA_ResetChannel  fsl_dma.o
    0x00002618   0x00002618   0x000000ec   Code   RO         2762    i.DMA_SetTransferConfig  fsl_dma.o
    0x00002704   0x00002704   0x00000114   Code   RO         2763    i.DMA_SubmitTransfer  fsl_dma.o
    0x00002818   0x00002818   0x00000208   Code   RO         4312    i.DbgConsole_ConvertFloatRadixNumToString  fsl_debug_console.o
    0x00002a20   0x00002a20   0x0000015c   Code   RO         4313    i.DbgConsole_ConvertRadixNumToString  fsl_debug_console.o
    0x00002b7c   0x00002b7c   0x00000030   Code   RO         4315    i.DbgConsole_Getchar  fsl_debug_console.o
    0x00002bac   0x00002bac   0x0000010c   Code   RO         4316    i.DbgConsole_Init   fsl_debug_console.o
    0x00002cb8   0x00002cb8   0x00000038   Code   RO         4317    i.DbgConsole_Printf  fsl_debug_console.o
    0x00002cf0   0x00002cf0   0x0000069c   Code   RO         4318    i.DbgConsole_PrintfFormattedData  fsl_debug_console.o
    0x0000338c   0x0000338c   0x00000024   Code   RO         4319    i.DbgConsole_PrintfPaddingCharacter  fsl_debug_console.o
    0x000033b0   0x000033b0   0x00000024   Code   RO         4320    i.DbgConsole_Putchar  fsl_debug_console.o
    0x000033d4   0x000033d4   0x00000024   Code   RO         2413    i.EnableIRQ         fsl_i2c.o
    0x000033f8   0x000033f8   0x00000030   Code   RO         4428    i.ExitCommand       fsl_shell.o
    0x00003428   0x00003428   0x00000006   Code   RO         4805    i.FrameBorderSizeB  gfx_mk.o
    0x0000342e   0x0000342e   0x00000006   Code   RO         4806    i.FrameBorderSizeL  gfx_mk.o
    0x00003434   0x00003434   0x00000006   Code   RO         4807    i.FrameBorderSizeR  gfx_mk.o
    0x0000343a   0x0000343a   0x00000006   Code   RO         4808    i.FrameBorderSizeT  gfx_mk.o
    0x00003440   0x00003440   0x00000020   Code   RO         1578    i.GPIO_ClearPinsInterruptFlags  fsl_gpio.o
    0x00003460   0x00003460   0x00000004   Code   RO          556    i.GPIO_ClearPinsOutput  blazar_led.o
    0x00003464   0x00003464   0x00000004   Code   RO         7172    i.GPIO_ClearPinsOutput  gdisp_lld_ili9341.o
    0x00003468   0x00003468   0x0000006c   Code   RO         1579    i.GPIO_GetInstance  fsl_gpio.o
    0x000034d4   0x000034d4   0x0000001c   Code   RO         1580    i.GPIO_GetPinsInterruptFlags  fsl_gpio.o
    0x000034f0   0x000034f0   0x00000070   Code   RO          366    i.GPIO_LCDPinsInit  blazar_lcd.o
    0x00003560   0x00003560   0x0000006c   Code   RO         1581    i.GPIO_PinInit      fsl_gpio.o
    0x000035cc   0x000035cc   0x00000004   Code   RO          557    i.GPIO_SetPinsOutput  blazar_led.o
    0x000035d0   0x000035d0   0x00000004   Code   RO         7173    i.GPIO_SetPinsOutput  gdisp_lld_ili9341.o
    0x000035d4   0x000035d4   0x00000144   Code   RO         4809    i.GTimerThreadHandler  gfx_mk.o
    0x00003718   0x00003718   0x00000012   Code   RO         4429    i.GetChar           fsl_shell.o
    0x0000372a   0x0000372a   0x00000002   PAD
    0x0000372c   0x0000372c   0x00000080   Code   RO         4430    i.GetHistoryCommand  fsl_shell.o
    0x000037ac   0x000037ac   0x00000030   Code   RO         4431    i.HelpCommand       fsl_shell.o
    0x000037dc   0x000037dc   0x00000018   Code   RO         2414    i.I2C0_DriverIRQHandler  fsl_i2c.o
    0x000037f4   0x000037f4   0x00000018   Code   RO         2415    i.I2C1_DriverIRQHandler  fsl_i2c.o
    0x0000380c   0x0000380c   0x00000028   Code   RO         2416    i.I2C_CheckAndClearError  fsl_i2c.o
    0x00003834   0x00003834   0x00000022   Code   RO         2417    i.I2C_DisableInterrupts  fsl_i2c.o
    0x00003856   0x00003856   0x0000002c   Code   RO         2419    i.I2C_EnableInterrupts  fsl_i2c.o
    0x00003882   0x00003882   0x00000002   PAD
    0x00003884   0x00003884   0x0000006c   Code   RO         2420    i.I2C_GetInstance   fsl_i2c.o
    0x000038f0   0x000038f0   0x0000006c   Code   RO         2421    i.I2C_InitTransferStateMachine  fsl_i2c.o
    0x0000395c   0x0000395c   0x00000018   Code   RO         2422    i.I2C_MasterClearStatusFlags  fsl_i2c.o
    0x00003974   0x00003974   0x00000050   Code   RO         2424    i.I2C_MasterGetDefaultConfig  fsl_i2c.o
    0x000039c4   0x000039c4   0x00000014   Code   RO         2425    i.I2C_MasterGetStatusFlags  fsl_i2c.o
    0x000039d8   0x000039d8   0x000000c4   Code   RO         2426    i.I2C_MasterInit    fsl_i2c.o
    0x00003a9c   0x00003a9c   0x0000006c   Code   RO         2428    i.I2C_MasterRepeatedStart  fsl_i2c.o
    0x00003b08   0x00003b08   0x0000008c   Code   RO         2429    i.I2C_MasterSetBaudRate  fsl_i2c.o
    0x00003b94   0x00003b94   0x00000044   Code   RO         2430    i.I2C_MasterStart   fsl_i2c.o
    0x00003bd8   0x00003bd8   0x00000034   Code   RO         2431    i.I2C_MasterStop    fsl_i2c.o
    0x00003c0c   0x00003c0c   0x00000078   Code   RO         2434    i.I2C_MasterTransferCreateHandle  fsl_i2c.o
    0x00003c84   0x00003c84   0x000000ac   Code   RO         2436    i.I2C_MasterTransferHandleIRQ  fsl_i2c.o
    0x00003d30   0x00003d30   0x0000007c   Code   RO         2437    i.I2C_MasterTransferNonBlocking  fsl_i2c.o
    0x00003dac   0x00003dac   0x0000018c   Code   RO         2438    i.I2C_MasterTransferRunStateMachine  fsl_i2c.o
    0x00003f38   0x00003f38   0x00000028   Code   RO         2374    i.I2C_RTOS_Callback  fsl_i2c_freertos.o
    0x00003f60   0x00003f60   0x00000070   Code   RO         2376    i.I2C_RTOS_Init     fsl_i2c_freertos.o
    0x00003fd0   0x00003fd0   0x0000005c   Code   RO         2377    i.I2C_RTOS_Transfer  fsl_i2c_freertos.o
    0x0000402c   0x0000402c   0x0000004c   Code   RO         2451    i.I2C_TransferCommonIRQHandler  fsl_i2c.o
    0x00004078   0x00004078   0x0000006c   Code   RO          558    i.LED_Deinit        blazar_led.o
    0x000040e4   0x000040e4   0x00000104   Code   RO          559    i.LED_Init          blazar_led.o
    0x000041e8   0x000041e8   0x00000050   Code   RO          560    i.LED_Off           blazar_led.o
    0x00004238   0x00004238   0x00000050   Code   RO          561    i.LED_On            blazar_led.o
    0x00004288   0x00004288   0x00000064   Code   RO          562    i.LED_Set           blazar_led.o
    0x000042ec   0x000042ec   0x00000060   Code   RO          563    i.LED_SetMode       blazar_led.o
    0x0000434c   0x0000434c   0x00000060   Code   RO         1620    i.LPSCI_ClearStatusFlags  fsl_lpsci.o
    0x000043ac   0x000043ac   0x00000044   Code   RO         1624    i.LPSCI_GetDefaultConfig  fsl_lpsci.o
    0x000043f0   0x000043f0   0x0000006c   Code   RO         1626    i.LPSCI_GetInstance  fsl_lpsci.o
    0x0000445c   0x0000445c   0x0000000e   Code   RO         1627    i.LPSCI_GetStatusFlags  fsl_lpsci.o
    0x0000446a   0x0000446a   0x00000002   PAD
    0x0000446c   0x0000446c   0x000001b4   Code   RO         1628    i.LPSCI_Init        fsl_lpsci.o
    0x00004620   0x00004620   0x000000b8   Code   RO         1629    i.LPSCI_ReadBlocking  fsl_lpsci.o
    0x000046d8   0x000046d8   0x00000058   Code   RO         1645    i.LPSCI_WriteBlocking  fsl_lpsci.o
    0x00004730   0x00004730   0x00000020   Code   RO         4810    i.ListDestroy       gfx_mk.o
    0x00004750   0x00004750   0x00000010   Code   RO         4811    i.NumKeyRows        gfx_mk.o
    0x00004760   0x00004760   0x0000000e   Code   RO         4014    i.PIT_ClearStatusFlags  main.o
    0x0000476e   0x0000476e   0x00000002   PAD
    0x00004770   0x00004770   0x0000006c   Code   RO         2977    i.PIT_GetInstance   fsl_pit.o
    0x000047dc   0x000047dc   0x00000012   Code   RO         4015    i.PIT_GetStatusFlags  main.o
    0x000047ee   0x000047ee   0x00000002   PAD
    0x000047f0   0x000047f0   0x00000068   Code   RO         4016    i.PIT_IRQHandler    main.o
    0x00004858   0x00004858   0x0000007c   Code   RO         2979    i.PIT_Init          fsl_pit.o
    0x000048d4   0x000048d4   0x0000004c   Code   RO          660    i.PORTA_IRQHandler  blazar_switch.o
    0x00004920   0x00004920   0x00000040   Code   RO          886    i.PORT_SetPinConfig  pin_mux.o
    0x00004960   0x00004960   0x0000001c   Code   RO          887    i.PORT_SetPinInterruptConfig  pin_mux.o
    0x0000497c   0x0000497c   0x0000001c   Code   RO          888    i.PORT_SetPinMux    pin_mux.o
    0x00004998   0x00004998   0x00000088   Code   RO         4432    i.ParseLine         fsl_shell.o
    0x00004a20   0x00004a20   0x0000017c   Code   RO         4433    i.ProcessCommand    fsl_shell.o
    0x00004b9c   0x00004b9c   0x00000084   Code   RO          711    i.REALTIME_Init     blazar_rtc.o
    0x00004c20   0x00004c20   0x000000cc   Code   RO         2901    i.RTC_CheckDatetimeFormat  fsl_rtc.o
    0x00004cec   0x00004cec   0x000000ac   Code   RO         2903    i.RTC_ConvertDatetimeToSeconds  fsl_rtc.o
    0x00004d98   0x00004d98   0x00000100   Code   RO         2904    i.RTC_ConvertSecondsToDatetime  fsl_rtc.o
    0x00004e98   0x00004e98   0x00000048   Code   RO         2906    i.RTC_GetDatetime   fsl_rtc.o
    0x00004ee0   0x00004ee0   0x00000040   Code   RO         2907    i.RTC_GetDefaultConfig  fsl_rtc.o
    0x00004f20   0x00004f20   0x000000b4   Code   RO         2908    i.RTC_Init          fsl_rtc.o
    0x00004fd4   0x00004fd4   0x00000020   Code   RO          713    i.RTC_Seconds_IRQHandler  blazar_rtc.o
    0x00004ff4   0x00004ff4   0x00000054   Code   RO         2910    i.RTC_SetDatetime   fsl_rtc.o
    0x00005048   0x00005048   0x0000000a   Code   RO          714    i.RTC_StartTimer    blazar_rtc.o
    0x00005052   0x00005052   0x0000000a   Code   RO          715    i.RTC_StopTimer     blazar_rtc.o
    0x0000505c   0x0000505c   0x0000000c   Code   RO         4812    i.RedrawTimerFn     gfx_mk.o
    0x00005068   0x00005068   0x00000098   Code   RO           11    i.SEG_DisplayFloat  blazar_7seg.o
    0x00005100   0x00005100   0x000000c0   Code   RO           12    i.SEG_DisplayInt    blazar_7seg.o
    0x000051c0   0x000051c0   0x0000000c   Code   RO           14    i.SEG_SetDP         blazar_7seg.o
    0x000051cc   0x000051cc   0x00000020   Code   RO           15    i.SEG_SetDigit      blazar_7seg.o
    0x000051ec   0x000051ec   0x000000d8   Code   RO         4434    i.SHELL_Init        fsl_shell.o
    0x000052c4   0x000052c4   0x00000328   Code   RO         4435    i.SHELL_Main        fsl_shell.o
    0x000055ec   0x000055ec   0x00000030   Code   RO         4517    i.SHELL_Open        blazar_shell.o
    0x0000561c   0x0000561c   0x0000001a   Code   RO         4518    i.SHELL_ReceiveDataCallback  blazar_shell.o
    0x00005636   0x00005636   0x00000002   PAD
    0x00005638   0x00005638   0x00000030   Code   RO         4436    i.SHELL_RegisterCommand  fsl_shell.o
    0x00005668   0x00005668   0x0000001a   Code   RO         4519    i.SHELL_SendDataCallback  blazar_shell.o
    0x00005682   0x00005682   0x00000002   Code   RO         3262    i.SVC_Handler       port.o
    0x00005684   0x00005684   0x00000040   Code   RO          661    i.SW_Deinit         blazar_switch.o
    0x000056c4   0x000056c4   0x00000058   Code   RO          662    i.SW_Init           blazar_switch.o
    0x0000571c   0x0000571c   0x00000084   Code   RO         4815    i.StartupLogoDisplay  gfx_mk.o
    0x000057a0   0x000057a0   0x0000002e   Code   RO         4437    i.StrCompare        fsl_shell.o
    0x000057ce   0x000057ce   0x0000001a   Code   RO         4438    i.StrCopy           fsl_shell.o
    0x000057e8   0x000057e8   0x00000012   Code   RO         4439    i.StrLen            fsl_shell.o
    0x000057fa   0x000057fa   0x00000002   PAD
    0x000057fc   0x000057fc   0x00000024   Code   RO         3263    i.SysTick_Handler   port.o
    0x00005820   0x00005820   0x0000000c   Code   RO          941    i.SystemInit        system_mkl25z4.o
    0x0000582c   0x0000582c   0x000000ec   Code   RO          565    i.TPM0_IRQHandler   blazar_led.o
    0x00005918   0x00005918   0x00000034   Code   RO         2190    i.TPM_Deinit        fsl_tpm.o
    0x0000594c   0x0000594c   0x00000042   Code   RO         2192    i.TPM_EnableInterrupts  fsl_tpm.o
    0x0000598e   0x0000598e   0x00000002   PAD
    0x00005990   0x00005990   0x00000044   Code   RO         2193    i.TPM_GetDefaultConfig  fsl_tpm.o
    0x000059d4   0x000059d4   0x00000068   Code   RO         2195    i.TPM_GetInstance   fsl_tpm.o
    0x00005a3c   0x00005a3c   0x000000c4   Code   RO         2196    i.TPM_Init          fsl_tpm.o
    0x00005b00   0x00005b00   0x000001ac   Code   RO         2199    i.TPM_SetupPwm      fsl_tpm.o
    0x00005cac   0x00005cac   0x00000018   Code   RO          566    i.TPM_StartTimer    blazar_led.o
    0x00005cc4   0x00005cc4   0x00000016   Code   RO          567    i.TPM_StopTimer     blazar_led.o
    0x00005cda   0x00005cda   0x00000002   PAD
    0x00005cdc   0x00005cdc   0x000000b8   Code   RO         2201    i.TPM_UpdatePwmDutycycle  fsl_tpm.o
    0x00005d94   0x00005d94   0x00000094   Code   RO         4816    i.TextEditAddChars  gfx_mk.o
    0x00005e28   0x00005e28   0x0000003a   Code   RO         4817    i.TextEditKeyboard  gfx_mk.o
    0x00005e62   0x00005e62   0x0000007e   Code   RO         4819    i.TextEditRemoveChar  gfx_mk.o
    0x00005ee0   0x00005ee0   0x0000001c   Code   RO         1647    i.UART0_DriverIRQHandler  fsl_lpsci.o
    0x00005efc   0x00005efc   0x0000001c   Code   RO         1938    i.UART1_DriverIRQHandler  fsl_uart.o
    0x00005f18   0x00005f18   0x0000001c   Code   RO         1940    i.UART2_DriverIRQHandler  fsl_uart.o
    0x00005f34   0x00005f34   0x00000044   Code   RO         1946    i.UART_GetDefaultConfig  fsl_uart.o
    0x00005f78   0x00005f78   0x00000068   Code   RO         1948    i.UART_GetInstance  fsl_uart.o
    0x00005fe0   0x00005fe0   0x0000000e   Code   RO         1949    i.UART_GetStatusFlags  fsl_uart.o
    0x00005fee   0x00005fee   0x00000002   PAD
    0x00005ff0   0x00005ff0   0x00000154   Code   RO         1950    i.UART_Init         fsl_uart.o
    0x00006144   0x00006144   0x00000098   Code   RO         1951    i.UART_ReadBlocking  fsl_uart.o
    0x000061dc   0x000061dc   0x00000020   Code   RO         1967    i.UART_WriteBlocking  fsl_uart.o
    0x000061fc   0x000061fc   0x00000054   Code   RO         4820    i.UCode2UTF8        gfx_mk.o
    0x00006250   0x00006250   0x000000c6   Code   RO         4821    i.UTF8CharAt        gfx_mk.o
    0x00006316   0x00006316   0x00000084   Code   RO         4822    i.UTF8StrLen        gfx_mk.o
    0x0000639a   0x0000639a   0x00000002   PAD
    0x0000639c   0x0000639c   0x00000040   Code   RO         4823    i.WM_Add            gfx_mk.o
    0x000063dc   0x000063dc   0x00000002   Code   RO         4824    i.WM_DeInit         gfx_mk.o
    0x000063de   0x000063de   0x00000002   PAD
    0x000063e0   0x000063e0   0x00000028   Code   RO         4825    i.WM_Delete         gfx_mk.o
    0x00006408   0x00006408   0x00000002   Code   RO         4826    i.WM_Init           gfx_mk.o
    0x0000640a   0x0000640a   0x00000002   Code   RO         4827    i.WM_MinMax         gfx_mk.o
    0x0000640c   0x0000640c   0x00000204   Code   RO         4828    i.WM_Move           gfx_mk.o
    0x00006610   0x00006610   0x000000a0   Code   RO         4829    i.WM_Raise          gfx_mk.o
    0x000066b0   0x000066b0   0x00000194   Code   RO         4830    i.WM_Redraw         gfx_mk.o
    0x00006844   0x00006844   0x000001ae   Code   RO         4831    i.WM_Size           gfx_mk.o
    0x000069f2   0x000069f2   0x0000002e   Code   RO         7422    i.__ARM_clz         mf_p.l(depilogue.o)
    0x00006a20   0x00006a20   0x0000001c   Code   RO          964    i.__ARM_common_switch8  system_mkl25z4.o
    0x00006a3c   0x00006a3c   0x0000002c   Code   RO         7373    i.__ARM_fpclassify  m_ps.l(fpclassify.o)
    0x00006a68   0x00006a68   0x00000044   Code   RO         1314    i.__aeabi_assert    fsl_common.o
    0x00006aac   0x00006aac   0x00000008   Code   RO         7406    i.__aeabi_errno_addr  mc_p.l(errno.o)
    0x00006ab4   0x00006ab4   0x000000ac   Code   RO         7375    i.__kernel_poly     m_ps.l(poly.o)
    0x00006b60   0x00006b60   0x00000014   Code   RO         7359    i.__mathlib_dbl_divzero  m_ps.l(dunder.o)
    0x00006b74   0x00006b74   0x00000008   Code   RO         7361    i.__mathlib_dbl_infnan2  m_ps.l(dunder.o)
    0x00006b7c   0x00006b7c   0x00000010   Code   RO         7362    i.__mathlib_dbl_invalid  m_ps.l(dunder.o)
    0x00006b8c   0x00006b8c   0x00000014   Code   RO         7363    i.__mathlib_dbl_overflow  m_ps.l(dunder.o)
    0x00006ba0   0x00006ba0   0x00000014   Code   RO         7365    i.__mathlib_dbl_underflow  m_ps.l(dunder.o)
    0x00006bb4   0x00006bb4   0x0000000e   Code   RO         7477    i.__scatterload_copy  mc_p.l(handlers.o)
    0x00006bc2   0x00006bc2   0x00000002   Code   RO         7478    i.__scatterload_null  mc_p.l(handlers.o)
    0x00006bc4   0x00006bc4   0x0000000e   Code   RO         7479    i.__scatterload_zeroinit  mc_p.l(handlers.o)
    0x00006bd2   0x00006bd2   0x00000002   PAD
    0x00006bd4   0x00006bd4   0x0000000c   Code   RO         7408    i.__set_errno       mc_p.l(errno.o)
    0x00006be0   0x00006be0   0x0000001e   Code   RO         4834    i._gcontainerDestroy  gfx_mk.o
    0x00006bfe   0x00006bfe   0x00000002   Code   RO         4835    i._gcontainerInit   gfx_mk.o
    0x00006c00   0x00006c00   0x00000024   Code   RO         4836    i._gdispDeInitDriver  gfx_mk.o
    0x00006c24   0x00006c24   0x00000050   Code   RO         4838    i._gdispInit        gfx_mk.o
    0x00006c74   0x00006c74   0x00000040   Code   RO         4839    i._gdispInitDriver  gfx_mk.o
    0x00006cb4   0x00006cb4   0x00000044   Code   RO         4840    i._gdispPostInitDriver  gfx_mk.o
    0x00006cf8   0x00006cf8   0x00000002   Code   RO         4842    i._gdriverInit      gfx_mk.o
    0x00006cfa   0x00006cfa   0x00000002   PAD
    0x00006cfc   0x00006cfc   0x00000010   Code   RO         4844    i._geventInit       gfx_mk.o
    0x00006d0c   0x00006d0c   0x00000002   Code   RO         4846    i._ginputInit       gfx_mk.o
    0x00006d0e   0x00006d0e   0x00000002   Code   RO         4848    i._gosInit          gfx_mk.o
    0x00006d10   0x00006d10   0x00000002   Code   RO         4849    i._gosPostInit      gfx_mk.o
    0x00006d12   0x00006d12   0x00000002   Code   RO         4851    i._gqueueInit       gfx_mk.o
    0x00006d14   0x00006d14   0x00000028   Code   RO         4853    i._gtimerInit       gfx_mk.o
    0x00006d3c   0x00006d3c   0x00000034   Code   RO         4856    i._gwidgetDestroy   gfx_mk.o
    0x00006d70   0x00006d70   0x00000060   Code   RO         4858    i._gwidgetDrawFocusRect  gfx_mk.o
    0x00006dd0   0x00006dd0   0x00000030   Code   RO         4859    i._gwidgetInit      gfx_mk.o
    0x00006e00   0x00006e00   0x0000001e   Code   RO         4860    i._gwidgetRedraw    gfx_mk.o
    0x00006e1e   0x00006e1e   0x00000002   PAD
    0x00006e20   0x00006e20   0x00000074   Code   RO         4862    i._gwinDestroy      gfx_mk.o
    0x00006e94   0x00006e94   0x00000080   Code   RO         4865    i._gwinFixFocus     gfx_mk.o
    0x00006f14   0x00006f14   0x000001a8   Code   RO         4866    i._gwinFlushRedraws  gfx_mk.o
    0x000070bc   0x000070bc   0x00000010   Code   RO         4867    i._gwinInit         gfx_mk.o
    0x000070cc   0x000070cc   0x00000040   Code   RO         4868    i._gwinMoveFocus    gfx_mk.o
    0x0000710c   0x0000710c   0x000000d4   Code   RO         4869    i._gwinRippleVisibility  gfx_mk.o
    0x000071e0   0x000071e0   0x0000003c   Code   RO         4871    i._gwinUpdate       gfx_mk.o
    0x0000721c   0x0000721c   0x00000054   Code   RO         4875    i._gwmInit          gfx_mk.o
    0x00007270   0x00007270   0x0000003c   Code   RO         4876    i.deleteAssignments  gfx_mk.o
    0x000072ac   0x000072ac   0x0000001c   Code   RO         4877    i.doExitEvent       gfx_mk.o
    0x000072c8   0x000072c8   0x0000005c   Code   RO         4721    i.do_accel          cmd_accel.o
    0x00007324   0x00007324   0x0000015c   Code   RO         4561    i.do_adc            cmd_adc.o
    0x00007480   0x00007480   0x0000010c   Code   RO         4592    i.do_buzzer         cmd_buzzer.o
    0x0000758c   0x0000758c   0x00000038   Code   RO         4620    i.do_hello          cmd_hello.o
    0x000075c4   0x000075c4   0x0000036c   Code   RO         4750    i.do_homework       cmd_homework.o
    0x00007930   0x00007930   0x00000120   Code   RO         4640    i.do_led            cmd_led.o
    0x00007a50   0x00007a50   0x00000038   Code   RO         4784    i.do_reset          cmd_reset.o
    0x00007a88   0x00007a88   0x0000019c   Code   RO         4690    i.do_seg            cmd_seg.o
    0x00007c24   0x00007c24   0x000000a8   Code   RO         4665    i.do_switch         cmd_switch.o
    0x00007ccc   0x00007ccc   0x00000078   Code   RO         4879    i.drawcharline      gfx_mk.o
    0x00007d44   0x00007d44   0x00000056   Code   RO         4880    i.drawpixel_clip    gfx_mk.o
    0x00007d9a   0x00007d9a   0x0000002c   Code   RO         4881    i.fillarea          gfx_mk.o
    0x00007dc6   0x00007dc6   0x00000002   PAD
    0x00007dc8   0x00007dc8   0x00000024   Code   RO         4882    i.fillcharglyph     gfx_mk.o
    0x00007dec   0x00007dec   0x0000002e   Code   RO         4883    i.fillentry_bitcount  gfx_mk.o
    0x00007e1a   0x00007e1a   0x0000003a   Code   RO         4885    i.find_glyph        gfx_mk.o
    0x00007e54   0x00007e54   0x00000090   Code   RO         4888    i.gdispBlendColor   gfx_mk.o
    0x00007ee4   0x00007ee4   0x00000054   Code   RO         4890    i.gdispContrastColor  gfx_mk.o
    0x00007f38   0x00007f38   0x00000056   Code   RO         4892    i.gdispGClear       gfx_mk.o
    0x00007f8e   0x00007f8e   0x000000b8   Code   RO         4893    i.gdispGDrawBox     gfx_mk.o
    0x00008046   0x00008046   0x00000038   Code   RO         4896    i.gdispGDrawLine    gfx_mk.o
    0x0000807e   0x0000807e   0x000000bc   Code   RO         4902    i.gdispGFillArea    gfx_mk.o
    0x0000813a   0x0000813a   0x000002a2   Code   RO         4905    i.gdispGFillConvexPoly  gfx_mk.o
    0x000083dc   0x000083dc   0x0000019c   Code   RO         4907    i.gdispGFillStringBox  gfx_mk.o
    0x00008578   0x00008578   0x00000008   Code   RO         4911    i.gdispGGetHeight   gfx_mk.o
    0x00008580   0x00008580   0x00000008   Code   RO         4914    i.gdispGGetWidth    gfx_mk.o
    0x00008588   0x00008588   0x00000092   Code   RO         4915    i.gdispGSetClip     gfx_mk.o
    0x0000861a   0x0000861a   0x00000044   Code   RO         4919    i.gdispGetFontMetric  gfx_mk.o
    0x0000865e   0x0000865e   0x00000022   Code   RO         4922    i.gdispGetStringWidthCount  gfx_mk.o
    0x00008680   0x00008680   0x0000038c   Code   RO         7174    i.gdisp_lld_init    gdisp_lld_ili9341.o
    0x00008a0c   0x00008a0c   0x0000001a   Code   RO         7175    i.gdisp_lld_write_color  gdisp_lld_ili9341.o
    0x00008a26   0x00008a26   0x00000018   Code   RO         7176    i.gdisp_lld_write_start  gdisp_lld_ili9341.o
    0x00008a3e   0x00008a3e   0x00000006   Code   RO         7177    i.gdisp_lld_write_stop  gdisp_lld_ili9341.o
    0x00008a44   0x00008a44   0x00000030   Code   RO         4927    i.gdriverGetInstance  gfx_mk.o
    0x00008a74   0x00008a74   0x00000028   Code   RO         4928    i.gdriverGetNext    gfx_mk.o
    0x00008a9c   0x00008a9c   0x00000098   Code   RO         4930    i.gdriverRegister   gfx_mk.o
    0x00008b34   0x00008b34   0x00000094   Code   RO         4934    i.geventAttachSource  gfx_mk.o
    0x00008bc8   0x00008bc8   0x00000030   Code   RO         4936    i.geventDetachSourceListeners  gfx_mk.o
    0x00008bf8   0x00008bf8   0x0000001c   Code   RO         4941    i.geventListenerInit  gfx_mk.o
    0x00008c14   0x00008c14   0x00000044   Code   RO         4942    i.geventRegisterCallback  gfx_mk.o
    0x00008c58   0x00008c58   0x00000040   Code   RO         4945    i.gfxInit           gfx_mk.o
    0x00008c98   0x00008c98   0x0000000e   Code   RO         4946    i.gfxMutexInit      gfx_mk.o
    0x00008ca6   0x00008ca6   0x00000020   Code   RO         4947    i.gfxQueueASyncGet  gfx_mk.o
    0x00008cc6   0x00008cc6   0x00000012   Code   RO         4948    i.gfxQueueASyncGetI  gfx_mk.o
    0x00008cd8   0x00008cd8   0x00000008   Code   RO         4949    i.gfxQueueASyncInit  gfx_mk.o
    0x00008ce0   0x00008ce0   0x00000018   Code   RO         4956    i.gfxQueueASyncPut  gfx_mk.o
    0x00008cf8   0x00008cf8   0x00000020   Code   RO         4957    i.gfxQueueASyncPutI  gfx_mk.o
    0x00008d18   0x00008d18   0x00000018   Code   RO         4958    i.gfxQueueASyncRemove  gfx_mk.o
    0x00008d30   0x00008d30   0x00000046   Code   RO         4959    i.gfxQueueASyncRemoveI  gfx_mk.o
    0x00008d76   0x00008d76   0x00000036   Code   RO         4960    i.gfxRealloc        gfx_mk.o
    0x00008dac   0x00008dac   0x0000001a   Code   RO         4961    i.gfxSemInit        gfx_mk.o
    0x00008dc6   0x00008dc6   0x00000016   Code   RO         4962    i.gfxSemSignal      gfx_mk.o
    0x00008ddc   0x00008ddc   0x0000001e   Code   RO         4964    i.gfxSemWait        gfx_mk.o
    0x00008dfa   0x00008dfa   0x0000000c   Code   RO         4967    i.gfxSleepMilliseconds  gfx_mk.o
    0x00008e06   0x00008e06   0x00000002   PAD
    0x00008e08   0x00008e08   0x00000040   Code   RO         4968    i.gfxThreadCreate   gfx_mk.o
    0x00008e48   0x00008e48   0x00000014   Code   RO         4969    i.ginputGetKeyboard  gfx_mk.o
    0x00008e5c   0x00008e5c   0x00000006   Code   RO         4971    i.gtimerInit        gfx_mk.o
    0x00008e62   0x00008e62   0x00000002   PAD
    0x00008e64   0x00008e64   0x00000038   Code   RO         4973    i.gtimerJab         gfx_mk.o
    0x00008e9c   0x00008e9c   0x00000100   Code   RO         4975    i.gtimerStart       gfx_mk.o
    0x00008f9c   0x00008f9c   0x00000050   Code   RO         4977    i.gwidgetEvent      gfx_mk.o
    0x00008fec   0x00008fec   0x0000000e   Code   RO         4982    i.gwinDestroy       gfx_mk.o
    0x00008ffa   0x00008ffa   0x00000002   PAD
    0x00008ffc   0x00008ffc   0x00000054   Code   RO         4998    i.gwinFrameDraw_Std  gfx_mk.o
    0x00009050   0x00009050   0x00000244   Code   RO         4999    i.gwinFrameDraw_Transparent  gfx_mk.o
    0x00009294   0x00009294   0x0000000c   Code   RO         5007    i.gwinGetDefaultBgColor  gfx_mk.o
    0x000092a0   0x000092a0   0x00000028   Code   RO         5012    i.gwinGetFirstChild  gfx_mk.o
    0x000092c8   0x000092c8   0x0000000c   Code   RO         5013    i.gwinGetFocus      gfx_mk.o
    0x000092d4   0x000092d4   0x00000014   Code   RO         5017    i.gwinGetNextWindow  gfx_mk.o
    0x000092e8   0x000092e8   0x0000002a   Code   RO         5018    i.gwinGetSibling    gfx_mk.o
    0x00009312   0x00009312   0x00000002   PAD
    0x00009314   0x00009314   0x00001172   Code   RO         5023    i.gwinKeyboardDraw_Normal  gfx_mk.o
    0x0000a486   0x0000a486   0x00000002   PAD
    0x0000a488   0x0000a488   0x000000a0   Code   RO         5026    i.gwinLabelDrawJustified  gfx_mk.o
    0x0000a528   0x0000a528   0x00000010   Code   RO         5028    i.gwinLabelDrawJustifiedLeft  gfx_mk.o
    0x0000a538   0x0000a538   0x00000310   Code   RO         5032    i.gwinListDefaultDraw  gfx_mk.o
    0x0000a848   0x0000a848   0x00000054   Code   RO         5059    i.gwinSetFocus      gfx_mk.o
    0x0000a89c   0x0000a89c   0x0000003c   Code   RO         5064    i.gwinSetVisible    gfx_mk.o
    0x0000a8d8   0x0000a8d8   0x000000bc   Code   RO         5066    i.gwinTextEditSendKey  gfx_mk.o
    0x0000a994   0x0000a994   0x00000088   Code   RO         5067    i.gwinTextEditSendSpecialKey  gfx_mk.o
    0x0000aa1c   0x0000aa1c   0x00000148   Code   RO         5068    i.gwinTexteditDefaultDraw  gfx_mk.o
    0x0000ab64   0x0000ab64   0x0000009c   Code   RO         5070    i.hline_clip        gfx_mk.o
    0x0000ac00   0x0000ac00   0x00000136   Code   RO         5072    i.line_clip         gfx_mk.o
    0x0000ad36   0x0000ad36   0x00000002   PAD
    0x0000ad38   0x0000ad38   0x000000e8   Code   RO         4017    i.main              main.o
    0x0000ae20   0x0000ae20   0x00000022   Code   RO         5076    i.mf_character_width  gfx_mk.o
    0x0000ae42   0x0000ae42   0x00000002   PAD
    0x0000ae44   0x0000ae44   0x0000006c   Code   RO         5079    i.mf_get_string_width  gfx_mk.o
    0x0000aeb0   0x0000aeb0   0x00000016   Code   RO         5080    i.mf_getchar        gfx_mk.o
    0x0000aec6   0x0000aec6   0x00000082   Code   RO         5081    i.mf_render_aligned  gfx_mk.o
    0x0000af48   0x0000af48   0x00000038   Code   RO         5082    i.mf_render_character  gfx_mk.o
    0x0000af80   0x0000af80   0x00000008   Code   RO         5084    i.mf_rewind         gfx_mk.o
    0x0000af88   0x0000af88   0x0000001a   Code   RO         5085    i.mf_rlefont_character_width  gfx_mk.o
    0x0000afa2   0x0000afa2   0x00000066   Code   RO         5086    i.mf_rlefont_render_character  gfx_mk.o
    0x0000b008   0x0000b008   0x0000003c   Code   RO         5087    i.mf_round_to_prev_tab  gfx_mk.o
    0x0000b044   0x0000b044   0x0000003c   Code   RO         5088    i.mf_round_to_tab   gfx_mk.o
    0x0000b080   0x0000b080   0x0000001c   Code   RO         5090    i.mf_scaled_character_width  gfx_mk.o
    0x0000b09c   0x0000b09c   0x00000054   Code   RO         5091    i.mf_scaled_render_character  gfx_mk.o
    0x0000b0f0   0x0000b0f0   0x00000090   Code   RO         7286    i.modf              m_ps.l(modf.o)
    0x0000b180   0x0000b180   0x000009fc   Code   RO         7290    i.pow               m_ps.l(pow.o)
    0x0000bb7c   0x0000bb7c   0x0000007c   Code   RO         3529    i.prvAddCurrentTaskToDelayedList  tasks.o
    0x0000bbf8   0x0000bbf8   0x000000ac   Code   RO         3530    i.prvAddNewTaskToReadyList  tasks.o
    0x0000bca4   0x0000bca4   0x00000068   Code   RO         3882    i.prvCheckForValidListAndQueue  timers.o
    0x0000bd0c   0x0000bd0c   0x00000068   Code   RO         3531    i.prvCheckTasksWaitingTermination  tasks.o
    0x0000bd74   0x0000bd74   0x0000002c   Code   RO         3328    i.prvCopyDataFromQueue  queue.o
    0x0000bda0   0x0000bda0   0x00000080   Code   RO         3329    i.prvCopyDataToQueue  queue.o
    0x0000be20   0x0000be20   0x00000012   Code   RO         3532    i.prvDeleteTCB      tasks.o
    0x0000be32   0x0000be32   0x00000002   PAD
    0x0000be34   0x0000be34   0x0000002c   Code   RO         3883    i.prvGetNextExpireTime  timers.o
    0x0000be60   0x0000be60   0x0000007c   Code   RO         3176    i.prvHeapInit       heap_4.o
    0x0000bedc   0x0000bedc   0x0000001c   Code   RO         3533    i.prvIdleTask       tasks.o
    0x0000bef8   0x0000bef8   0x0000001e   Code   RO         3330    i.prvInitialiseMutex  queue.o
    0x0000bf16   0x0000bf16   0x0000002c   Code   RO         3331    i.prvInitialiseNewQueue  queue.o
    0x0000bf42   0x0000bf42   0x000000c0   Code   RO         3534    i.prvInitialiseNewTask  tasks.o
    0x0000c002   0x0000c002   0x00000002   PAD
    0x0000c004   0x0000c004   0x00000064   Code   RO         3535    i.prvInitialiseTaskLists  tasks.o
    0x0000c068   0x0000c068   0x00000068   Code   RO         3177    i.prvInsertBlockIntoFreeList  heap_4.o
    0x0000c0d0   0x0000c0d0   0x00000054   Code   RO         3885    i.prvInsertTimerInActiveList  timers.o
    0x0000c124   0x0000c124   0x0000001c   Code   RO         3332    i.prvIsQueueEmpty   queue.o
    0x0000c140   0x0000c140   0x0000001e   Code   RO         3333    i.prvIsQueueFull    queue.o
    0x0000c15e   0x0000c15e   0x00000002   PAD
    0x0000c160   0x0000c160   0x00000058   Code   RO         3886    i.prvProcessExpiredTimer  timers.o
    0x0000c1b8   0x0000c1b8   0x00000100   Code   RO         3887    i.prvProcessReceivedCommands  timers.o
    0x0000c2b8   0x0000c2b8   0x0000006c   Code   RO         3888    i.prvProcessTimerOrBlockTask  timers.o
    0x0000c324   0x0000c324   0x00000038   Code   RO         3537    i.prvResetNextTaskUnblockTime  tasks.o
    0x0000c35c   0x0000c35c   0x0000002c   Code   RO         3889    i.prvSampleTimeNow  timers.o
    0x0000c388   0x0000c388   0x00000028   Code   RO         3147    i.prvSetupTimerInterrupt  fsl_tickless_lptmr.o
    0x0000c3b0   0x0000c3b0   0x00000090   Code   RO         3890    i.prvSwitchTimerLists  timers.o
    0x0000c440   0x0000c440   0x00000024   Code   RO         3264    i.prvTaskExitError  port.o
    0x0000c464   0x0000c464   0x00000022   Code   RO         3049    i.prvTestWaitCondition  event_groups.o
    0x0000c486   0x0000c486   0x0000001a   Code   RO         3891    i.prvTimerTask      timers.o
    0x0000c4a0   0x0000c4a0   0x0000008e   Code   RO         3334    i.prvUnlockQueue    queue.o
    0x0000c52e   0x0000c52e   0x00000002   PAD
    0x0000c530   0x0000c530   0x00000128   Code   RO         3178    i.pvPortMalloc      heap_4.o
    0x0000c658   0x0000c658   0x00000020   Code   RO         3541    i.pvTaskIncrementMutexHeldCount  tasks.o
    0x0000c678   0x0000c678   0x00000020   Code   RO         3265    i.pxPortInitialiseStack  port.o
    0x0000c698   0x0000c698   0x00000060   Code   RO         5094    i.render_left       gfx_mk.o
    0x0000c6f8   0x0000c6f8   0x00000088   Code   RO         5095    i.render_right      gfx_mk.o
    0x0000c780   0x0000c780   0x0000005a   Code   RO         5097    i.scaled_pixel_callback  gfx_mk.o
    0x0000c7da   0x0000c7da   0x000000aa   Code   RO         7178    i.set_viewport      gdisp_lld_ili9341.o
    0x0000c884   0x0000c884   0x00000028   Code   RO         7179    i.setpin_reset      gdisp_lld_ili9341.o
    0x0000c8ac   0x0000c8ac   0x0000002e   Code   RO         5099    i.skip_pixels       gfx_mk.o
    0x0000c8da   0x0000c8da   0x00000002   PAD
    0x0000c8dc   0x0000c8dc   0x00000048   Code   RO         7379    i.sqrt              m_ps.l(sqrt.o)
    0x0000c924   0x0000c924   0x00000064   Code   RO         5101    i.strip_spaces      gfx_mk.o
    0x0000c988   0x0000c988   0x00000010   Code   RO         4018    i.taskGfxInit       main.o
    0x0000c998   0x0000c998   0x00000028   Code   RO         3225    i.uxListRemove      list.o
    0x0000c9c0   0x0000c9c0   0x0000001c   Code   RO         3548    i.uxTaskResetEventItemValue  tasks.o
    0x0000c9dc   0x0000c9dc   0x0000000c   Code   RO         4019    i.vApplicationIdleHook  main.o
    0x0000c9e8   0x0000c9e8   0x00000004   Code   RO         4020    i.vApplicationMallocFailedHook  main.o
    0x0000c9ec   0x0000c9ec   0x00000004   Code   RO         4021    i.vApplicationStackOverflowHook  main.o
    0x0000c9f0   0x0000c9f0   0x00000002   Code   RO         4022    i.vApplicationTickHook  main.o
    0x0000c9f2   0x0000c9f2   0x00000044   Code   RO         3052    i.vEventGroupDelete  event_groups.o
    0x0000ca36   0x0000ca36   0x00000010   Code   RO         3053    i.vEventGroupSetBitsCallback  event_groups.o
    0x0000ca46   0x0000ca46   0x0000001a   Code   RO         3226    i.vListInitialise   list.o
    0x0000ca60   0x0000ca60   0x00000006   Code   RO         3227    i.vListInitialiseItem  list.o
    0x0000ca66   0x0000ca66   0x00000036   Code   RO         3228    i.vListInsert       list.o
    0x0000ca9c   0x0000ca9c   0x00000018   Code   RO         3229    i.vListInsertEnd    list.o
    0x0000cab4   0x0000cab4   0x0000001c   Code   RO         3267    i.vPortEnterCritical  port.o
    0x0000cad0   0x0000cad0   0x00000028   Code   RO         3268    i.vPortExitCritical  port.o
    0x0000caf8   0x0000caf8   0x00000080   Code   RO         3179    i.vPortFree         heap_4.o
    0x0000cb78   0x0000cb78   0x00000018   Code   RO         3269    i.vPortYield        port.o
    0x0000cb90   0x0000cb90   0x0000002c   Code   RO         3340    i.vQueueAddToRegistry  queue.o
    0x0000cbbc   0x0000cbbc   0x0000001e   Code   RO         3341    i.vQueueDelete      queue.o
    0x0000cbda   0x0000cbda   0x00000002   PAD
    0x0000cbdc   0x0000cbdc   0x00000034   Code   RO         3343    i.vQueueUnregisterQueue  queue.o
    0x0000cc10   0x0000cc10   0x0000004c   Code   RO         3344    i.vQueueWaitForMessageRestricted  queue.o
    0x0000cc5c   0x0000cc5c   0x00000060   Code   RO          305    i.vTaskBuzzer       blazar_buzzer.o
    0x0000ccbc   0x0000ccbc   0x00000044   Code   RO         3549    i.vTaskDelay        tasks.o
    0x0000cd00   0x0000cd00   0x000000b4   Code   RO         3551    i.vTaskDelete       tasks.o
    0x0000cdb4   0x0000cdb4   0x00000120   Code   RO         4751    i.vTaskHomework     cmd_homework.o
    0x0000ced4   0x0000ced4   0x000000a4   Code   RO          568    i.vTaskLED          blazar_led.o
    0x0000cf78   0x0000cf78   0x0000000c   Code   RO         3554    i.vTaskMissedYield  tasks.o
    0x0000cf84   0x0000cf84   0x0000002c   Code   RO         3556    i.vTaskPlaceOnEventList  tasks.o
    0x0000cfb0   0x0000cfb0   0x00000034   Code   RO         3557    i.vTaskPlaceOnEventListRestricted  tasks.o
    0x0000cfe4   0x0000cfe4   0x00000054   Code   RO         3558    i.vTaskPlaceOnUnorderedEventList  tasks.o
    0x0000d038   0x0000d038   0x0000008c   Code   RO         3559    i.vTaskPriorityInherit  tasks.o
    0x0000d0c4   0x0000d0c4   0x0000008c   Code   RO          664    i.vTaskSW           blazar_switch.o
    0x0000d150   0x0000d150   0x00000048   Code   RO         4691    i.vTaskSeg          cmd_seg.o
    0x0000d198   0x0000d198   0x00000020   Code   RO         3564    i.vTaskSetTimeOutState  tasks.o
    0x0000d1b8   0x0000d1b8   0x00000094   Code   RO         4520    i.vTaskShell        blazar_shell.o
    0x0000d24c   0x0000d24c   0x00000078   Code   RO         3565    i.vTaskStartScheduler  tasks.o
    0x0000d2c4   0x0000d2c4   0x00000010   Code   RO         3567    i.vTaskSuspendAll   tasks.o
    0x0000d2d4   0x0000d2d4   0x000000b4   Code   RO         3568    i.vTaskSwitchContext  tasks.o
    0x0000d388   0x0000d388   0x0000009c   Code   RO         5102    i.vline_clip        gfx_mk.o
    0x0000d424   0x0000d424   0x0000005a   Code   RO         5103    i.write_bin_codeword  gfx_mk.o
    0x0000d47e   0x0000d47e   0x00000002   PAD
    0x0000d480   0x0000d480   0x00000064   Code   RO         7180    i.write_data        gdisp_lld_ili9341.o
    0x0000d4e4   0x0000d4e4   0x00000038   Code   RO         5104    i.write_glyph_codeword  gfx_mk.o
    0x0000d51c   0x0000d51c   0x00000064   Code   RO         7181    i.write_index       gdisp_lld_ili9341.o
    0x0000d580   0x0000d580   0x00000068   Code   RO         5105    i.write_pixels      gfx_mk.o
    0x0000d5e8   0x0000d5e8   0x00000050   Code   RO         5106    i.write_ref_codeword  gfx_mk.o
    0x0000d638   0x0000d638   0x00000040   Code   RO         5107    i.write_ref_dictentry  gfx_mk.o
    0x0000d678   0x0000d678   0x000000a6   Code   RO         5108    i.write_rle_dictentry  gfx_mk.o
    0x0000d71e   0x0000d71e   0x0000003e   Code   RO         3054    i.xEventGroupClearBits  event_groups.o
    0x0000d75c   0x0000d75c   0x0000001c   Code   RO         3056    i.xEventGroupCreate  event_groups.o
    0x0000d778   0x0000d778   0x000000c8   Code   RO         3058    i.xEventGroupSetBits  event_groups.o
    0x0000d840   0x0000d840   0x00000020   Code   RO         3059    i.xEventGroupSetBitsFromISR  event_groups.o
    0x0000d860   0x0000d860   0x00000120   Code   RO         3061    i.xEventGroupWaitBits  event_groups.o
    0x0000d980   0x0000d980   0x0000000c   Code   RO         3181    i.xPortGetFreeHeapSize  heap_4.o
    0x0000d98c   0x0000d98c   0x00000038   Code   RO         3270    i.xPortStartScheduler  port.o
    0x0000d9c4   0x0000d9c4   0x00000044   Code   RO         3345    i.xQueueCreateCountingSemaphore  queue.o
    0x0000da08   0x0000da08   0x0000001e   Code   RO         3346    i.xQueueCreateMutex  queue.o
    0x0000da26   0x0000da26   0x00000050   Code   RO         3347    i.xQueueGenericCreate  queue.o
    0x0000da76   0x0000da76   0x0000018c   Code   RO         3348    i.xQueueGenericReceive  queue.o
    0x0000dc02   0x0000dc02   0x00000082   Code   RO         3349    i.xQueueGenericReset  queue.o
    0x0000dc84   0x0000dc84   0x0000015a   Code   RO         3350    i.xQueueGenericSend  queue.o
    0x0000ddde   0x0000ddde   0x000000bc   Code   RO         3351    i.xQueueGenericSendFromISR  queue.o
    0x0000de9a   0x0000de9a   0x000000aa   Code   RO         3352    i.xQueueGiveFromISR  queue.o
    0x0000df44   0x0000df44   0x00000074   Code   RO         3569    i.xTaskCheckForTimeOut  tasks.o
    0x0000dfb8   0x0000dfb8   0x0000005c   Code   RO         3570    i.xTaskCreate       tasks.o
    0x0000e014   0x0000e014   0x00000024   Code   RO         3574    i.xTaskGetSchedulerState  tasks.o
    0x0000e038   0x0000e038   0x0000000c   Code   RO         3575    i.xTaskGetTickCount  tasks.o
    0x0000e044   0x0000e044   0x00000134   Code   RO         3577    i.xTaskIncrementTick  tasks.o
    0x0000e178   0x0000e178   0x00000088   Code   RO         3580    i.xTaskPriorityDisinherit  tasks.o
    0x0000e200   0x0000e200   0x00000088   Code   RO         3581    i.xTaskRemoveFromEventList  tasks.o
    0x0000e288   0x0000e288   0x00000090   Code   RO         3582    i.xTaskRemoveFromUnorderedEventList  tasks.o
    0x0000e318   0x0000e318   0x000000f0   Code   RO         3583    i.xTaskResumeAll    tasks.o
    0x0000e408   0x0000e408   0x00000048   Code   RO         3895    i.xTimerCreateTimerTask  timers.o
    0x0000e450   0x0000e450   0x00000074   Code   RO         3896    i.xTimerGenericCommand  timers.o
    0x0000e4c4   0x0000e4c4   0x00000034   Code   RO         3902    i.xTimerPendFunctionCallFromISR  timers.o
    0x0000e4f8   0x0000e4f8   0x00000258   Data   RO          306    .constdata          blazar_buzzer.o
    0x0000e750   0x0000e750   0x00000a66   Data   RO          391    .constdata          blazar_lcd.o
    0x0000f1b6   0x0000f1b6   0x00000618   Data   RO          569    .constdata          blazar_led.o
    0x0000f7ce   0x0000f7ce   0x00000002   PAD
    0x0000f7d0   0x0000f7d0   0x00000038   Data   RO          830    .constdata          clock_config.o
    0x0000f808   0x0000f808   0x00000082   Data   RO          889    .constdata          pin_mux.o
    0x0000f88a   0x0000f88a   0x00000002   PAD
    0x0000f88c   0x0000f88c   0x00000060   Data   RO         1045    .constdata          fsl_clock.o
    0x0000f8ec   0x0000f8ec   0x00000028   Data   RO         1582    .constdata          fsl_gpio.o
    0x0000f914   0x0000f914   0x0000000c   Data   RO         1648    .constdata          fsl_lpsci.o
    0x0000f920   0x0000f920   0x0000001c   Data   RO         1970    .constdata          fsl_uart.o
    0x0000f93c   0x0000f93c   0x00000018   Data   RO         2202    .constdata          fsl_tpm.o
    0x0000f954   0x0000f954   0x00000008   Data   RO         2296    .constdata          fsl_adc16.o
    0x0000f95c   0x0000f95c   0x00000094   Data   RO         2452    .constdata          fsl_i2c.o
    0x0000f9f0   0x0000f9f0   0x0000001a   Data   RO         2911    .constdata          fsl_rtc.o
    0x0000fa0a   0x0000fa0a   0x00000002   PAD
    0x0000fa0c   0x0000fa0c   0x00000008   Data   RO         2980    .constdata          fsl_pit.o
    0x0000fa14   0x0000fa14   0x00000020   Data   RO         4441    .constdata          fsl_shell.o
    0x0000fa34   0x0000fa34   0x00000090   Data   RO         4521    .constdata          blazar_shell.o
    0x0000fac4   0x0000fac4   0x00000804   Data   RO         5110    .constdata          gfx_mk.o
    0x000102c8   0x000102c8   0x00000060   Data   RO         7182    .constdata          gdisp_lld_ili9341.o
    0x00010328   0x00010328   0x00000088   Data   RO         7291    .constdata          m_ps.l(pow.o)
    0x000103b0   0x000103b0   0x00000008   Data   RO         7377    .constdata          m_ps.l(qnan.o)
    0x000103b8   0x000103b8   0x00000081   Data   RO         7431    .constdata          mc_p.l(ctype_o.o)
    0x00010439   0x00010439   0x00000003   PAD
    0x0001043c   0x0001043c   0x00000004   Data   RO         7432    .constdata          mc_p.l(ctype_o.o)
    0x00010440   0x00010440   0x00000109   Data   RO         4442    .conststring        fsl_shell.o
    0x00010549   0x00010549   0x00000003   PAD
    0x0001054c   0x0001054c   0x00000162   Data   RO         4522    .conststring        blazar_shell.o
    0x000106ae   0x000106ae   0x00000002   PAD
    0x000106b0   0x000106b0   0x00000101   Data   RO         5111    .conststring        gfx_mk.o
    0x000107b1   0x000107b1   0x00000003   PAD
    0x000107b4   0x000107b4   0x00000020   Data   RO         7475    Region$$Table       anon$$obj.o


    Execution Region RW_m_data (Exec base: 0x1ffff000, Load base: 0x000107d4, Size: 0x00003678, Max: 0x00003800, ABSOLUTE, COMPRESSED[0x00000074])

    Exec Addr    Load Addr    Size         Type   Attr      Idx    E Section Name        Object

    0x1ffff000   COMPRESSED   0x0000000c   Data   RW           18    .data               blazar_7seg.o
    0x1ffff00c   COMPRESSED   0x00000008   Data   RW          241    .data               blazar_adc.o
    0x1ffff014   COMPRESSED   0x00000005   Data   RW          307    .data               blazar_buzzer.o
    0x1ffff019   COMPRESSED   0x00000003   PAD
    0x1ffff01c   COMPRESSED   0x00000016   Data   RW          570    .data               blazar_led.o
    0x1ffff032   COMPRESSED   0x00000002   PAD
    0x1ffff034   COMPRESSED   0x00000048   Data   RW          665    .data               blazar_switch.o
    0x1ffff07c   COMPRESSED   0x00000004   Data   RW          942    .data               system_mkl25z4.o
    0x1ffff080   COMPRESSED   0x00000010   Data   RW         1046    .data               fsl_clock.o
    0x1ffff090   COMPRESSED   0x00000008   Data   RW         1649    .data               fsl_lpsci.o
    0x1ffff098   COMPRESSED   0x00000004   Data   RW         1971    .data               fsl_uart.o
    0x1ffff09c   COMPRESSED   0x00000010   Data   RW         2453    .data               fsl_i2c.o
    0x1ffff0ac   COMPRESSED   0x00000018   Data   RW         3184    .data               heap_4.o
    0x1ffff0c4   COMPRESSED   0x00000004   Data   RW         3271    .data               port.o
    0x1ffff0c8   COMPRESSED   0x0000003c   Data   RW         3586    .data               tasks.o
    0x1ffff104   COMPRESSED   0x00000014   Data   RW         3904    .data               timers.o
    0x1ffff118   COMPRESSED   0x00000004   Data   RW         4023    .data               main.o
    0x1ffff11c   COMPRESSED   0x00000008   Data   RW         4443    .data               fsl_shell.o
    0x1ffff124   COMPRESSED   0x00000004   Data   RW         4523    .data               blazar_shell.o
    0x1ffff128   COMPRESSED   0x00000001   Data   RW         4593    .data               cmd_buzzer.o
    0x1ffff129   COMPRESSED   0x00000001   Data   RW         4641    .data               cmd_led.o
    0x1ffff12a   COMPRESSED   0x00000001   Data   RW         4666    .data               cmd_switch.o
    0x1ffff12b   COMPRESSED   0x00000001   PAD
    0x1ffff12c   COMPRESSED   0x00000004   Data   RW         4692    .data               cmd_seg.o
    0x1ffff130   COMPRESSED   0x00000004   Data   RW         4752    .data               cmd_homework.o
    0x1ffff134   COMPRESSED   0x000000c8   Data   RW         5112    .data               gfx_mk.o
    0x1ffff1fc   COMPRESSED   0x00000004   Data   RW         7317    .data               mc_p.l(rand.o)
    0x1ffff200   COMPRESSED   0x00000004   Data   RW         7409    .data               mc_p.l(errno.o)
    0x1ffff204        -       0x00000038   Zero   RW          184    .bss                blazar_accelerometer.o
    0x1ffff23c        -       0x0000000c   Zero   RW         1969    .bss                fsl_uart.o
    0x1ffff248        -       0x00000010   Zero   RW         2764    .bss                fsl_dma.o
    0x1ffff258        -       0x00003000   Zero   RW         3183    .bss                heap_4.o
    0x20002258        -       0x00000040   Zero   RW         3359    .bss                queue.o
    0x20002298        -       0x000000c8   Zero   RW         3585    .bss                tasks.o
    0x20002360        -       0x00000028   Zero   RW         3903    .bss                timers.o
    0x20002388        -       0x00000010   Zero   RW         4326    .bss                fsl_debug_console.o
    0x20002398        -       0x00000094   Zero   RW         4440    .bss                fsl_shell.o
    0x2000242c        -       0x0000024c   Zero   RW         5109    .bss                gfx_mk.o


    Execution Region ARM_LIB_HEAP (Exec base: 0x20002678, Load base: 0x00010848, Size: 0x00000400, Max: 0x00000400, ABSOLUTE)

    Exec Addr    Load Addr    Size         Type   Attr      Idx    E Section Name        Object

    0x20002678        -       0x00000400   Zero   RW            2    ARM_LIB_HEAP.bss    anon$$obj.o


    Execution Region ARM_LIB_STACK (Exec base: 0x20002c00, Load base: 0x00010848, Size: 0x00000400, Max: 0x00000400, ABSOLUTE)

    Exec Addr    Load Addr    Size         Type   Attr      Idx    E Section Name        Object

    0x20002c00        -       0x00000400   Zero   RW            3    ARM_LIB_STACK.bss   anon$$obj.o


==============================================================================

Image component sizes


      Code (inc. data)   RO Data    RW Data    ZI Data      Debug   Object Name

       388         24          0         12          0     184587   blazar_7seg.o
       388        152          0          0         56      10845   blazar_accelerometer.o
       352        154          0          8          0      16107   blazar_adc.o
       396         50        600          5          0       6637   blazar_buzzer.o
       112         10       2662          0          0       1995   blazar_lcd.o
      1178        104       1560         22          0      19933   blazar_led.o
       184         26          0          0          0       3429   blazar_rtc.o
       248         84        498          4          0       2826   blazar_shell.o
       368         68          0         72          0       4693   blazar_switch.o
        64         10          0          0          0       6504   board.o
       236         44         56          0          0      10295   clock_config.o
        92         46          0          0          0        663   cmd_accel.o
       348        134          0          0          0        713   cmd_adc.o
       268        134          0          1          0        880   cmd_buzzer.o
        56         16          0          0          0        639   cmd_hello.o
      1164        386          0          4          0       2282   cmd_homework.o
       288        118          0          1          0        913   cmd_led.o
        56          8          0          0          0       7127   cmd_reset.o
       484        202          0          4          0       1453   cmd_seg.o
       168        100          0          1          0        832   cmd_switch.o
         0          0          0          0          0       8936   croutine.o
       728          6          0          0          0      11843   event_groups.o
       902        264          8          0          0       7866   fsl_adc16.o
      1462        262         96         16          0      22996   fsl_clock.o
        68         44          0          0          0        565   fsl_common.o
      3004         52          0          0         16      16652   fsl_debug_console.o
       872        330          0          0         16       8088   fsl_dma.o
       276        100         40          0          0       3747   fsl_gpio.o
      2018        366        148         16          0      20142   fsl_i2c.o
       244         14          0          0          0       2512   fsl_i2c_freertos.o
      1022        234         12          8          0      17953   fsl_lpsci.o
       232         98          8          0          0       3047   fsl_pit.o
      1032        294         26          0          0       6450   fsl_rtc.o
      2144        304        297          8        148       9686   fsl_shell.o
        40         10          0          0          0        465   fsl_tickless_lptmr.o
      1098        284         24          0          0      14601   fsl_tpm.o
       766        204         28          4         12       8400   fsl_uart.o
      1382         24         96          0          0      17987   gdisp_lld_ili9341.o
     17990        420       2309        200        588     135528   gfx_mk.o
       664         68          0         24      12288       4330   heap_4.o
       150          0          0          0          0       2958   list.o
       406        106          0          4          0      15126   main.o
      1556         88        130          0          0      11660   pin_mux.o
       374         48          0          4          0       4690   port.o
      2056         10          0          0         64      18340   queue.o
       148         66        208          0          0       1092   startup_mkl25z4.o
        40          4          0          4          0        687   system_mkl25z4.o
      3002        416          0         60        200      22732   tasks.o
      1138        118          0         20         40       9387   timers.o

    ----------------------------------------------------------------------
     51714       6104       8852        508      15476     691819   Object Totals
         0          0         32          0       2048          0   (incl. Generated)
        62          0         14          6          0          0   (incl. Padding)

    ----------------------------------------------------------------------

      Code (inc. data)   RO Data    RW Data    ZI Data      Debug   Library Member Name

        84         14          0          0          0        340   dunder.o
        44          4          0          0          0         60   fpclassify.o
       144          8          0          0          0         76   modf.o
       172          0          0          0          0         76   poly.o
      2556        196        136          0          0        240   pow.o
         0          0          8          0          0          0   qnan.o
        72          6          0          0          0         76   sqrt.o
        86          0          0          0          0          0   __dczerorl2.o
        30          0          0          0          0         60   _chval.o
       166          0          0          0          0         84   _strtoul.o
        26          0          0          0          0         72   atoi.o
         8          4        133          0          0         60   ctype_o.o
         0          0          0          0          0          0   entry.o
         0          0          0          0          0          0   entry10a.o
         0          0          0          0          0          0   entry11a.o
         8          4          0          0          0          0   entry4.o
         4          0          0          0          0          0   entry5.o
         0          0          0          0          0          0   entry7b.o
         0          0          0          0          0          0   entry8b.o
         8          4          0          0          0          0   entry9a.o
        20         10          0          4          0        120   errno.o
        30          0          0          0          0          0   handlers.o
        40          0          0          0          0         72   idiv.o
        36          8          0          0          0         68   init.o
         0          0          0          0          0          0   iusefp.o
        76          0          0          0          0         76   ldiv.o
       122          0          0          0          0         84   llmul.o
        32          0          0          0          0         68   llshl.o
        38          0          0          0          0         68   llsshr.o
        34          0          0          0          0         68   llushr.o
        64          0          0          0          0         68   memmovea.o
        36          0          0          0          0        100   memseta.o
        36         12          0          4          0        120   rand.o
        28          0          0          0          0         68   strcmp.o
        14          0          0          0          0         60   strlen.o
       112          4          0          0          0         76   strtol.o
        44          0          0          0          0         72   uidiv.o
        96          0          0          0          0         84   uldiv.o
        40          2          0          0          0         68   cdcmple.o
        40          2          0          0          0         68   cdrcmple.o
       356          4          0          0          0        140   dadd.o
       240          6          0          0          0         84   ddiv.o
       236          0          0          0          0        216   depilogue.o
        72         10          0          0          0         72   dfixi.o
        80          8          0          0          0         72   dfixl.o
        40          6          0          0          0         68   dflti.o
        44          6          0          0          0         72   dfltl.o
        28          4          0          0          0         68   dfltui.o
       208          6          0          0          0         88   dmul.o
        44          0          0          0          0         72   dscalb.o
       162          0          0          0          0         80   dsqrt.o

    ----------------------------------------------------------------------
      5862        328        280          8          0       3584   Library Totals
         6          0          3          0          0          0   (incl. Padding)

    ----------------------------------------------------------------------

      Code (inc. data)   RO Data    RW Data    ZI Data      Debug   Library Name

      3072        228        144          0          0        868   m_ps.l
      1194         46        133          8          0       1548   mc_p.l
      1590         54          0          0          0       1168   mf_p.l

    ----------------------------------------------------------------------
      5862        328        280          8          0       3584   Library Totals

    ----------------------------------------------------------------------

==============================================================================


      Code (inc. data)   RO Data    RW Data    ZI Data      Debug   

     57576       6432       9132        516      15476     675187   Grand Totals
     57576       6432       9132        116      15476     675187   ELF Image Totals (compressed)
     57576       6432       9132        116          0          0   ROM Totals

==============================================================================

    Total RO  Size (Code + RO Data)                66708 (  65.14kB)
    Total RW  Size (RW Data + ZI Data)             15992 (  15.62kB)
    Total ROM Size (Code + RO Data + RW Data)      66824 (  65.26kB)

==============================================================================

